Microchip MPLAB XC8 Compiler V2.20

Linker command line:

-W-3 --edf=C:\Program Files\Microchip\xc8\v2.20\pic\dat\en_msgs.txt -cn \
  -h+dist/default/production\EUSART.X.production.sym \
  --cmf=dist/default/production\EUSART.X.production.cmf -z -Q18F4550 \
  -oC:\Users\Wels\AppData\Local\Temp\sd7g.2 --defsym=__MPLAB_BUILD=1 \
  -Mdist/default/production/EUSART.X.production.map -E1 -ver=XC8 Compiler \
  --acfsm=1493 -ASTACK=0150h-07FFh -pstack=STACK -ACODE=00h-07FFFh \
  -ACONST=00h-07FFFh -ASMALLCONST=0800h-08FFhx120 \
  -AMEDIUMCONST=0800h-07FFFh -ACOMRAM=01h-05Fh -AABS1=00h-07FFh \
  -ABIGRAM=01h-07FFh -ARAM=060h-0FFh,0100h-01FFhx7 -ABANK0=060h-0FFh \
  -ABANK1=0100h-01FFh -ABANK2=0200h-02FFh -ABANK3=0300h-03FFh \
  -ABANK4=0400h-04FFh -ABANK5=0500h-05FFh -ABANK6=0600h-06FFh \
  -ABANK7=0700h-07FFh -ASFR=0F60h-0FFFh -ACONFIG=0300000h-030000Dh \
  -AIDLOC=0200000h-0200007h \
  -preset_vec=00h,intcode=08h,intcodelo=018h,powerup,init -pramtop=0800h \
  -psmallconst=SMALLCONST -pmediumconst=MEDIUMCONST -pconst=CONST \
  -AFARRAM=00h-00h -AEEDATA=0F00000h-0F000FFh -peeprom_data=EEDATA \
  -prdata=COMRAM,nvrram=COMRAM,nvbit=COMRAM,rbss=COMRAM,rbit=COMRAM \
  -pfarbss=FARRAM,fardata=FARRAM,nvFARRAM=FARRAM \
  -pintsave_regs=BIGRAM,bigbss=BIGRAM,bigdata=BIGRAM -pbss=RAM \
  -pidata=CODE,irdata=CODE,ibigdata=CODE,ifardata=CODE -prparam=COMRAM \
  C:\Users\Wels\AppData\Local\Temp\sd7g.o \
  dist/default/production\EUSART.X.production.o 

Object code version is 3.11

Machine type is 18F4550



                Name                               Link     Load   Length Selector   Space Scale
C:\Users\Wels\AppData\Local\Temp\sd7g.o
                idloc                            200000   200000        8        0       5
                config                           300000   300000        E        0       4
                init                                 26       26        4        C       0
                reset_vec                             0        0        4        0       0
dist/default/production\EUSART.X.production.o
                intcodelo                            18       18        E        C       0
                intcode                               8        8        6        4       0
                idloc                            200000   200000        8        0       5
                config                           300000   300000        E        0       4
                temp                                 5A       5A        1        1       1
                smallconst                          800      800       36      400       0
                intcode_body                       3352     3352       84      41B       0
                text40                             393A     393A       26      41B       0
                text39                             375C     375C       42      41B       0
                text38                             397E     397E       16      41B       0
                text37                             38E4     38E4       30      41B       0
                text36                             3960     3960       1E      41B       0
                text35                             3994     3994        8      41B       0
                text34                             3448     3448       72      41B       0
                text33                             387C     387C       36      41B       0
                text32                             33D6     33D6       72      41B       0
                text31                             35D8     35D8       56      41B       0
                text30                             27A2     27A2      1B4      41B       0
                text29                             3914     3914       26      41B       0
                text28                             380E     380E       38      41B       0
                text27                             3680     3680       52      41B       0
                text26                             2956     2956      190      41B       0
                text25                             3072     3072       C4      41B       0
                text24                             31F8     31F8       B0      41B       0
                text23                             21F6     21F6      39A      41B       0
                text22                             32A8     32A8       AA      41B       0
                text21                             2BEC     2BEC      104      41B       0
                text20                             1DCC     1DCC      42A      41B       0
                text19                             37D6     37D6       38      41B       0
                text18                             190C     190C      4C0      41B       0
                text17                             36D2     36D2       46      41B       0
                text16                             2AE6     2AE6      106      41B       0
                text15                             2CF0     2CF0       FE      41B       0
                text14                             2590     2590      212      41B       0
                text13                             399C     399C        2      41B       0
                text12                             2FA8     2FA8       CA      41B       0
                text11                             3718     3718       44      41B       0
                text10                             3846     3846       36      41B       0
                text9                              3136     3136       C2      41B       0
                text8                              357C     357C       5C      41B       0
                text7                              379E     379E       38      41B       0
                text6                              351C     351C       60      41B       0
                text5                               836      836      BB2      41B       0
                text4                              2ED2     2ED2       D6      41B       0
                text3                              13E8     13E8      524      41B       0
                text2                              34BA     34BA       62      41B       0
                text1                              362E     362E       52      41B       0
                text0                              2DEE     2DEE       E4      41B       0
                cstackCOMRAM                          1        1       53        1       1
                cstackBANK0                          60       60       5C       60       1
                bssBANK1                            100      100       50      100       1
                bssBANK0                             BC       BC       32       60       1
                bssCOMRAM                            54       54        6        1       1
                cinit                              38B2     38B2       32      41B       0

TOTAL           Name                               Link     Load   Length     Space
        CLASS   STACK          

        CLASS   CODE           
                intcodelo                            18       18        E         0
                intcode                               8        8        6         0
                init                                 26       26        4         0
                reset_vec                             0        0        4         0
                intcode_body                       3352     3352       84         0
                text40                             393A     393A       26         0
                text39                             375C     375C       42         0
                text38                             397E     397E       16         0
                text37                             38E4     38E4       30         0
                text36                             3960     3960       1E         0
                text35                             3994     3994        8         0
                text34                             3448     3448       72         0
                text33                             387C     387C       36         0
                text32                             33D6     33D6       72         0
                text31                             35D8     35D8       56         0
                text30                             27A2     27A2      1B4         0
                text29                             3914     3914       26         0
                text28                             380E     380E       38         0
                text27                             3680     3680       52         0
                text26                             2956     2956      190         0
                text25                             3072     3072       C4         0
                text24                             31F8     31F8       B0         0
                text23                             21F6     21F6      39A         0
                text22                             32A8     32A8       AA         0
                text21                             2BEC     2BEC      104         0
                text20                             1DCC     1DCC      42A         0
                text19                             37D6     37D6       38         0
                text18                             190C     190C      4C0         0
                text17                             36D2     36D2       46         0
                text16                             2AE6     2AE6      106         0
                text15                             2CF0     2CF0       FE         0
                text14                             2590     2590      212         0
                text13                             399C     399C        2         0
                text12                             2FA8     2FA8       CA         0
                text11                             3718     3718       44         0
                text10                             3846     3846       36         0
                text9                              3136     3136       C2         0
                text8                              357C     357C       5C         0
                text7                              379E     379E       38         0
                text6                              351C     351C       60         0
                text5                               836      836      BB2         0
                text4                              2ED2     2ED2       D6         0
                text3                              13E8     13E8      524         0
                text2                              34BA     34BA       62         0
                text1                              362E     362E       52         0
                text0                              2DEE     2DEE       E4         0
                cinit                              38B2     38B2       32         0

        CLASS   CONST          

        CLASS   SMALLCONST     
                smallconst                          800      800       36         0

        CLASS   MEDIUMCONST    

        CLASS   COMRAM         
                temp                                 5A       5A        1         1
                cstackCOMRAM                          1        1       53         1
                bssCOMRAM                            54       54        6         1

        CLASS   ABS1           

        CLASS   BIGRAM         

        CLASS   RAM            

        CLASS   BANK0          
                cstackBANK0                          60       60       5C         1
                bssBANK0                             BC       BC       32         1

        CLASS   BANK1          
                bssBANK1                            100      100       50         1

        CLASS   BANK2          

        CLASS   BANK3          

        CLASS   BANK4          

        CLASS   BANK5          

        CLASS   BANK6          

        CLASS   BANK7          

        CLASS   SFR            

        CLASS   CONFIG         
                config                           300000   300000        E         4

        CLASS   IDLOC          
                idloc                            200000   200000        8         5

        CLASS   FARRAM         

        CLASS   EEDATA         



SEGMENTS        Name                           Load    Length   Top    Selector   Space  Class

                reset_vec                      000000  000004  000004         0       0  CODE    
                cstackCOMRAM                   000001  00005A  00005B         1       1  COMRAM  
                intcode                        000008  000006  00000E         4       0  CODE    
                intcodelo                      000018  000012  00002A         C       0  CODE    
                cstackBANK0                    000060  00008E  0000EE        60       1  BANK0   
                bssBANK1                       000100  000050  000150       100       1  BANK1   
                smallconst                     000800  000036  000836       400       0  SMALLCON
                text5                          000836  003168  00399E       41B       0  CODE    


UNUSED ADDRESS RANGES

        Name                Unused          Largest block    Delta
        BANK0            0000EE-0000FF               12
        BANK1            000150-0001FF               B0
        BANK2            000200-0002FF              100
        BANK3            000300-0003FF              100
        BANK4            000400-0004FF              100
        BANK5            000500-0005FF              100
        BANK6            000600-0006FF              100
        BANK7            000700-0007FF              100
        BIGRAM           00005B-00005F                5
                         0000EE-0000FF               12
                         000150-0007FF              6B0
        CODE             000004-000007                4
                         00000E-000017                A
                         00002A-0007FF              7D6
                         00399E-007FFF             4662
        COMRAM           00005B-00005F                5
        CONST            000004-000007                4
                         00000E-000017                A
                         00002A-0007FF              7D6
                         00399E-007FFF             4662
        EEDATA           F00000-F000FF              100
        MEDIUMCONST      00399E-007FFF             4662
        RAM              0000EE-0000FF               12
                         000150-0007FF              100
        SFR              000F60-000FFF               A0
        SMALLCONST       00399E-007FFF              100
        STACK            000150-0007FF              6B0

                                  Symbol Table

?_ADC_Read               cstackCOMRAM 000005
?___awdiv                cstackCOMRAM 000005
?___awmod                cstackCOMRAM 000005
?___fladd                cstackCOMRAM 000005
?___fldiv                cstackCOMRAM 000005
?___flmul                cstackCOMRAM 000013
?___flneg                cstackCOMRAM 000005
?___flsub                cstackCOMRAM 00002C
?___fltol                cstackCOMRAM 000005
?___fpclassifyf          cstackCOMRAM 000005
?___wmul                 cstackCOMRAM 000005
?___xxtofl               cstackCOMRAM 000005
?_atoi                   cstackCOMRAM 00000C
?_efgtoa                 cstackCOMRAM 000038
?_floorf                 cstackCOMRAM 00001E
?_isdigit                cstackCOMRAM 000005
?_isspace                cstackCOMRAM 000005
?_isupper                cstackCOMRAM 000005
?_pad                    cstackCOMRAM 000015
?_sprintf                cstackBANK0  0000A8
?_strlen                 cstackCOMRAM 000005
?_strncmp                cstackCOMRAM 000005
?_tolower                cstackCOMRAM 00000B
?_vfpfcnvrt              cstackCOMRAM 000044
?_vfprintf               cstackCOMRAM 00004E
ADC_Read@ch              cstackCOMRAM 000008
EUSART_Cadena@dat        cstackCOMRAM 000006
EUSART_Init@baud         cstackCOMRAM 000005
EUSART_Tx@data           cstackCOMRAM 000005
LCD_Cadena@dat           cstackCOMRAM 000007
LCD_Caracter@data        cstackCOMRAM 000006
LCD_Comando@cmd          cstackCOMRAM 000006
_ADCON0bits              (abs)        000FC2
_ADCON1bits              (abs)        000FC1
_ADCON2bits              (abs)        000FC0
_ADC_Init                text40       00393A
_ADC_Read                text39       00375C
_ADRES                   (abs)        000FC3
_BAUDCONbits             (abs)        000FB8
_EUSART_Cadena           text37       0038E4
_EUSART_Init             text36       003960
_EUSART_Tx               text38       00397E
_INT1_ISR                intcodelo    000018
_INTCONbits              (abs)        000FF2
_IPR1bits                (abs)        000F9F
_Int_Init                text35       003994
_LATD                    (abs)        000F8C
_LATDbits                (abs)        000F8C
_LCD_Cadena              text33       00387C
_LCD_Caracter            text34       003448
_LCD_Comando             text32       0033D6
_LCD_Init                text31       0035D8
_PIE1bits                (abs)        000F9D
_PIR1bits                (abs)        000F9E
_RCONbits                (abs)        000FD0
_RCREG                   (abs)        000FAE
_RCSTAbits               (abs)        000FAB
_RX_ISR                  intcode      000008
_SPBRG                   (abs)        000FAF
_TRISD                   (abs)        000F95
_TXREG                   (abs)        000FAD
_TXSTAbits               (abs)        000FAC
__HRAM                   (abs)        000000
__Habs1                  abs1         000000
__Hbank0                 bank0        000000
__Hbank1                 bank1        000000
__Hbank2                 bank2        000000
__Hbank3                 bank3        000000
__Hbank4                 bank4        000000
__Hbank5                 bank5        000000
__Hbank6                 bank6        000000
__Hbank7                 bank7        000000
__Hbigbss                bigbss       000000
__Hbigdata               bigdata      000000
__Hbigram                bigram       000000
__Hbss                   bss          000000
__HbssBANK0              bssBANK0     000000
__HbssBANK1              bssBANK1     000000
__HbssCOMRAM             bssCOMRAM    000000
__Hcinit                 cinit        000000
__Hclrtext               clrtext      000000
__Hcomram                comram       000000
__Hconfig                config       30000E
__Hconst                 const        000000
__HcstackBANK0           cstackBANK0  000000
__HcstackCOMRAM          cstackCOMRAM 000000
__Hdata                  data         000000
__Heeprom_data           eeprom_data  000000
__Hfarbss                farbss       000000
__Hfardata               fardata      000000
__Hibigdata              ibigdata     000000
__Hidata                 idata        000000
__Hidloc                 idloc        200008
__Hifardata              ifardata     000000
__Hinit                  init         00002A
__Hintcode               intcode      00000E
__Hintcode_body          intcode_body 000000
__Hintcodelo             intcodelo    000026
__Hintentry              intentry     000000
__Hintret                intret       000000
__Hintsave_regs          intsave_regs 000000
__Hirdata                irdata       000000
__Hmediumconst           mediumconst  000000
__HnvFARRAM              nvFARRAM     000000
__Hnvbit                 nvbit        000000
__Hnvrram                nvrram       000000
__Hparam                 rparam       000000
__Hpowerup               powerup      000026
__Hram                   ram          000000
__Hramtop                ramtop       000800
__Hrbit                  rbit         000000
__Hrbss                  rbss         000000
__Hrdata                 rdata        000000
__Hreset_vec             reset_vec    000004
__Hrparam                rparam       000000
__Hsfr                   sfr          000000
__Hsmallconst            smallconst   000836
__Hspace_0               (abs)        00399E
__Hspace_1               (abs)        000150
__Hspace_2               (abs)        000000
__Hspace_4               (abs)        60000E
__Hstack                 stack        000000
__Hstruct                struct       000000
__Htemp                  temp         00005B
__Htext                  text         000000
__Htext0                 text0        000000
__Htext1                 text1        000000
__Htext10                text10       000000
__Htext11                text11       000000
__Htext12                text12       000000
__Htext13                text13       000000
__Htext14                text14       000000
__Htext15                text15       000000
__Htext16                text16       000000
__Htext17                text17       000000
__Htext18                text18       000000
__Htext19                text19       000000
__Htext2                 text2        000000
__Htext20                text20       000000
__Htext21                text21       000000
__Htext22                text22       000000
__Htext23                text23       000000
__Htext24                text24       000000
__Htext25                text25       000000
__Htext26                text26       000000
__Htext27                text27       000000
__Htext28                text28       000000
__Htext29                text29       000000
__Htext3                 text3        000000
__Htext30                text30       000000
__Htext31                text31       000000
__Htext32                text32       000000
__Htext33                text33       000000
__Htext34                text34       000000
__Htext35                text35       000000
__Htext36                text36       000000
__Htext37                text37       000000
__Htext38                text38       000000
__Htext39                text39       000000
__Htext4                 text4        000000
__Htext40                text40       000000
__Htext5                 text5        000000
__Htext6                 text6        000000
__Htext7                 text7        000000
__Htext8                 text8        000000
__Htext9                 text9        000000
__LRAM                   (abs)        000001
__Labs1                  abs1         000000
__Lbank0                 bank0        000000
__Lbank1                 bank1        000000
__Lbank2                 bank2        000000
__Lbank3                 bank3        000000
__Lbank4                 bank4        000000
__Lbank5                 bank5        000000
__Lbank6                 bank6        000000
__Lbank7                 bank7        000000
__Lbigbss                bigbss       000000
__Lbigdata               bigdata      000000
__Lbigram                bigram       000000
__Lbss                   bss          000000
__LbssBANK0              bssBANK0     000000
__LbssBANK1              bssBANK1     000000
__LbssCOMRAM             bssCOMRAM    000000
__Lcinit                 cinit        000000
__Lclrtext               clrtext      000000
__Lcomram                comram       000000
__Lconfig                config       000000
__Lconst                 const        000000
__LcstackBANK0           cstackBANK0  000000
__LcstackCOMRAM          cstackCOMRAM 000000
__Ldata                  data         000000
__Leeprom_data           eeprom_data  000000
__Lfarbss                farbss       000000
__Lfardata               fardata      000000
__Libigdata              ibigdata     000000
__Lidata                 idata        000000
__Lidloc                 idloc        000000
__Lifardata              ifardata     000000
__Linit                  init         000026
__Lintcode               intcode      000008
__Lintcode_body          intcode_body 000000
__Lintcodelo             intcodelo    000018
__Lintentry              intentry     000000
__Lintret                intret       000000
__Lintsave_regs          intsave_regs 000000
__Lirdata                irdata       000000
__Lmediumconst           mediumconst  000000
__LnvFARRAM              nvFARRAM     000000
__Lnvbit                 nvbit        000000
__Lnvrram                nvrram       000000
__Lparam                 rparam       000000
__Lpowerup               powerup      000026
__Lram                   ram          000000
__Lramtop                ramtop       000800
__Lrbit                  rbit         000000
__Lrbss                  rbss         000000
__Lrdata                 rdata        000000
__Lreset_vec             reset_vec    000000
__Lrparam                rparam       000000
__Lsfr                   sfr          000000
__Lsmallconst            smallconst   000800
__Lspace_0               (abs)        000000
__Lspace_1               (abs)        000000
__Lspace_2               (abs)        000000
__Lspace_4               (abs)        000000
__Lstack                 stack        000000
__Lstruct                struct       000000
__Ltemp                  temp         00005A
__Ltext                  text         000000
__Ltext0                 text0        000000
__Ltext1                 text1        000000
__Ltext10                text10       000000
__Ltext11                text11       000000
__Ltext12                text12       000000
__Ltext13                text13       000000
__Ltext14                text14       000000
__Ltext15                text15       000000
__Ltext16                text16       000000
__Ltext17                text17       000000
__Ltext18                text18       000000
__Ltext19                text19       000000
__Ltext2                 text2        000000
__Ltext20                text20       000000
__Ltext21                text21       000000
__Ltext22                text22       000000
__Ltext23                text23       000000
__Ltext24                text24       000000
__Ltext25                text25       000000
__Ltext26                text26       000000
__Ltext27                text27       000000
__Ltext28                text28       000000
__Ltext29                text29       000000
__Ltext3                 text3        000000
__Ltext30                text30       000000
__Ltext31                text31       000000
__Ltext32                text32       000000
__Ltext33                text33       000000
__Ltext34                text34       000000
__Ltext35                text35       000000
__Ltext36                text36       000000
__Ltext37                text37       000000
__Ltext38                text38       000000
__Ltext39                text39       000000
__Ltext4                 text4        000000
__Ltext40                text40       000000
__Ltext5                 text5        000000
__Ltext6                 text6        000000
__Ltext7                 text7        000000
__Ltext8                 text8        000000
__Ltext9                 text9        000000
__S0                     (abs)        00399E
__S1                     (abs)        000150
__S2                     (abs)        000000
__S4                     (abs)        000000
__S5                     (abs)        000000
___awdiv                 text25       003072
___awdiv@counter         cstackCOMRAM 000009
___awdiv@dividend        cstackCOMRAM 000005
___awdiv@divisor         cstackCOMRAM 000007
___awdiv@quotient        cstackCOMRAM 00000B
___awdiv@sign            cstackCOMRAM 00000A
___awmod                 text24       0031F8
___awmod@counter         cstackCOMRAM 000009
___awmod@dividend        cstackCOMRAM 000005
___awmod@divisor         cstackCOMRAM 000007
___awmod@sign            cstackCOMRAM 00000A
___fladd                 text18       00190C
___fladd@a               cstackCOMRAM 000009
___fladd@aexp            cstackCOMRAM 000012
___fladd@b               cstackCOMRAM 000005
___fladd@bexp            cstackCOMRAM 000013
___fladd@grs             cstackCOMRAM 000014
___fladd@signs           cstackCOMRAM 000011
___fldiv                 text23       0021F6
___fldiv@a               cstackCOMRAM 000009
___fldiv@aexp            cstackCOMRAM 00001D
___fldiv@b               cstackCOMRAM 000005
___fldiv@bexp            cstackCOMRAM 00001C
___fldiv@grs             cstackCOMRAM 000018
___fldiv@new_exp         cstackCOMRAM 000016
___fldiv@rem             cstackCOMRAM 000011
___fldiv@sign            cstackCOMRAM 000015
___fleq                  text22       0032A8
___fleq@ff1              cstackCOMRAM 000005
___fleq@ff2              cstackCOMRAM 000009
___flge                  text21       002BEC
___flge@ff1              cstackCOMRAM 00002C
___flge@ff2              cstackCOMRAM 000030
___flmul                 text20       001DCC
___flmul@a               cstackCOMRAM 000017
___flmul@aexp            cstackCOMRAM 000020
___flmul@b               cstackCOMRAM 000013
___flmul@bexp            cstackCOMRAM 000025
___flmul@grs             cstackCOMRAM 000021
___flmul@prod            cstackCOMRAM 000026
___flmul@sign            cstackCOMRAM 00001F
___flmul@temp            cstackCOMRAM 00002A
___flneg                 text19       0037D6
___flneg@f1              cstackCOMRAM 000005
___flsub                 text17       0036D2
___flsub@a               cstackCOMRAM 000030
___flsub@b               cstackCOMRAM 00002C
___fltol                 text16       002AE6
___fltol@exp1            cstackCOMRAM 00000E
___fltol@f1              cstackCOMRAM 000005
___fltol@sign1           cstackCOMRAM 00000D
___fpclassifyf           text15       002CF0
___fpclassifyf@F463      bssBANK0     0000D0
___fpclassifyf@e         cstackCOMRAM 00000D
___fpclassifyf@u         cstackCOMRAM 00000F
___fpclassifyf@x         cstackCOMRAM 000005
___inthi_sp              stack        000000
___intlo_sp              stack        000000
___param_bank            (abs)        000000
___rparam_used           (abs)        000001
___sp                    stack        000000
___wmul                  text29       003914
___wmul@multiplicand     cstackCOMRAM 000007
___wmul@multiplier       cstackCOMRAM 000005
___wmul@product          cstackCOMRAM 000009
___xxtofl                text30       0027A2
___xxtofl@arg            cstackCOMRAM 00000F
___xxtofl@exp            cstackCOMRAM 00000E
___xxtofl@sign           cstackCOMRAM 00000D
___xxtofl@val            cstackCOMRAM 000005
__accesstop              (abs)        000060
__activetblptr           (abs)        000002
__end_of_ADC_Init        text40       003960
__end_of_ADC_Read        text39       00379E
__end_of_EUSART_Cadena   text37       003914
__end_of_EUSART_Init     text36       00397E
__end_of_EUSART_Tx       text38       003994
__end_of_INT1_ISR        intcodelo    000026
__end_of_Int_Init        text35       00399C
__end_of_LCD_Cadena      text33       0038B2
__end_of_LCD_Caracter    text34       0034BA
__end_of_LCD_Comando     text32       003448
__end_of_LCD_Init        text31       00362E
__end_of_RX_ISR          intcode_body 0033D6
__end_of___awdiv         text25       003136
__end_of___awmod         text24       0032A8
__end_of___fladd         text18       001DCC
__end_of___fldiv         text23       002590
__end_of___fleq          text22       003352
__end_of___flge          text21       002CF0
__end_of___flmul         text20       0021F6
__end_of___flneg         text19       00380E
__end_of___flsub         text17       003718
__end_of___fltol         text16       002BEC
__end_of___fpclassifyf   text15       002DEE
__end_of___wmul          text29       00393A
__end_of___xxtofl        text30       002956
__end_of__initialization cinit        0038D6
__end_of_atoi            text26       002AE6
__end_of_efgtoa          text5        0013E8
__end_of_floorf          text14       0027A2
__end_of_fputc           text12       003072
__end_of_fputs           text11       00375C
__end_of_isdigit         text28       003846
__end_of_isspace         text27       0036D2
__end_of_isupper         text7        0037D6
__end_of_main            text0        002ED2
__end_of_pad             text9        0031F8
__end_of_putch           text13       00399E
__end_of_sprintf         text1        003680
__end_of_strcpy          text8        0035D8
__end_of_strlen          text10       00387C
__end_of_strncmp         text4        002FA8
__end_of_tolower         text6        00357C
__end_of_vfpfcnvrt       text3        00190C
__end_of_vfprintf        text2        00351C
__initialization         cinit        0038B2
__mediumconst            mediumconst  000000
__pbssBANK0              bssBANK0     0000BC
__pbssBANK1              bssBANK1     000100
__pbssCOMRAM             bssCOMRAM    000054
__pcinit                 cinit        0038B2
__pcstackBANK0           cstackBANK0  000060
__pcstackCOMRAM          cstackCOMRAM 000001
__pintcode               intcode      000008
__pintcode_body          intcode_body 003352
__pintcodelo             intcodelo    000018
__psmallconst            smallconst   000800
__ptext0                 text0        002DEE
__ptext1                 text1        00362E
__ptext10                text10       003846
__ptext11                text11       003718
__ptext12                text12       002FA8
__ptext13                text13       00399C
__ptext14                text14       002590
__ptext15                text15       002CF0
__ptext16                text16       002AE6
__ptext17                text17       0036D2
__ptext18                text18       00190C
__ptext19                text19       0037D6
__ptext2                 text2        0034BA
__ptext20                text20       001DCC
__ptext21                text21       002BEC
__ptext22                text22       0032A8
__ptext23                text23       0021F6
__ptext24                text24       0031F8
__ptext25                text25       003072
__ptext26                text26       002956
__ptext27                text27       003680
__ptext28                text28       00380E
__ptext29                text29       003914
__ptext3                 text3        0013E8
__ptext30                text30       0027A2
__ptext31                text31       0035D8
__ptext32                text32       0033D6
__ptext33                text33       00387C
__ptext34                text34       003448
__ptext35                text35       003994
__ptext36                text36       003960
__ptext37                text37       0038E4
__ptext38                text38       00397E
__ptext39                text39       00375C
__ptext4                 text4        002ED2
__ptext40                text40       00393A
__ptext5                 text5        000836
__ptext6                 text6        00351C
__ptext7                 text7        00379E
__ptext8                 text8        00357C
__ptext9                 text9        003136
__ramtop                 ramtop       000800
__size_of_ADC_Init       (abs)        000000
__size_of_ADC_Read       (abs)        000000
__size_of_EUSART_Cadena  (abs)        000000
__size_of_EUSART_Init    (abs)        000000
__size_of_EUSART_Tx      (abs)        000000
__size_of_INT1_ISR       (abs)        000000
__size_of_Int_Init       (abs)        000000
__size_of_LCD_Cadena     (abs)        000000
__size_of_LCD_Caracter   (abs)        000000
__size_of_LCD_Comando    (abs)        000000
__size_of_LCD_Init       (abs)        000000
__size_of_RX_ISR         (abs)        000000
__size_of___awdiv        (abs)        000000
__size_of___awmod        (abs)        000000
__size_of___fladd        (abs)        000000
__size_of___fldiv        (abs)        000000
__size_of___fleq         (abs)        000000
__size_of___flge         (abs)        000000
__size_of___flmul        (abs)        000000
__size_of___flneg        (abs)        000000
__size_of___flsub        (abs)        000000
__size_of___fltol        (abs)        000000
__size_of___fpclassifyf  (abs)        000000
__size_of___wmul         (abs)        000000
__size_of___xxtofl       (abs)        000000
__size_of_atoi           (abs)        000000
__size_of_efgtoa         (abs)        000000
__size_of_floorf         (abs)        000000
__size_of_fputc          (abs)        000000
__size_of_fputs          (abs)        000000
__size_of_isdigit        (abs)        000000
__size_of_isspace        (abs)        000000
__size_of_isupper        (abs)        000000
__size_of_main           (abs)        000000
__size_of_pad            (abs)        000000
__size_of_putch          (abs)        000000
__size_of_sprintf        (abs)        000000
__size_of_strcpy         (abs)        000000
__size_of_strlen         (abs)        000000
__size_of_strncmp        (abs)        000000
__size_of_tolower        (abs)        000000
__size_of_vfpfcnvrt      (abs)        000000
__size_of_vfprintf       (abs)        000000
__smallconst             smallconst   000800
_atoi                    text26       002956
_atoi$1409               cstackCOMRAM 000014
_atoi$1410               cstackCOMRAM 000018
_atoi$1411               cstackCOMRAM 000016
_datos                   bssBANK0     0000BC
_datos_adc               bssBANK0     0000DC
_dbuf                    bssBANK1     000100
_efgtoa                  text5        000836
_efgtoa$1345             cstackBANK0  000064
_efgtoa$1346             cstackBANK0  000066
_efgtoa$1351             cstackBANK0  000068
_efgtoa$1355             cstackBANK0  00006A
_efgtoa$1356             cstackBANK0  00006C
_efgtoa$1357             cstackBANK0  00006E
_flags                   bssCOMRAM    000056
_floorf                  text14       002590
_fputc                   text12       002FA8
_fputs                   text11       003718
_isdigit                 text28       00380E
_isspace                 text27       003680
_isspace$1440            cstackCOMRAM 00000B
_isupper                 text7        00379E
_main                    text0        002DEE
_nout                    bssBANK0     0000D8
_pad                     text9        003136
_prec                    bssCOMRAM    000054
_putch                   text13       00399C
_sprintf                 text1        00362E
_strcpy                  text8        00357C
_strlen                  text10       003846
_strncmp                 text4        002ED2
_tolower                 text6        00351C
_tolower$1504            cstackCOMRAM 000011
_valor                   bssCOMRAM    000059
_valor_adc               bssBANK0     0000EC
_vfpfcnvrt               text3        0013E8
_vfpfcnvrt$1371          cstackBANK0  00009A
_vfpfcnvrt$1375          cstackBANK0  00009C
_vfprintf                text2        0034BA
_vin                     bssBANK0     0000D4
_width                   bssBANK0     0000DA
_x                       bssCOMRAM    000058
atoi@n                   cstackCOMRAM 000019
atoi@neg                 cstackCOMRAM 000012
atoi@s                   cstackCOMRAM 00000C
btemp                    temp         00005A
efgtoa@c                 cstackCOMRAM 00003E
efgtoa@d                 cstackBANK0  000078
efgtoa@e                 cstackBANK0  000090
efgtoa@f                 cstackCOMRAM 00003A
efgtoa@fp                cstackCOMRAM 000038
efgtoa@g                 cstackBANK0  00008C
efgtoa@h                 cstackBANK0  000082
efgtoa@i                 cstackBANK0  00008A
efgtoa@l                 cstackBANK0  000086
efgtoa@m                 cstackBANK0  000074
efgtoa@mode              cstackBANK0  000081
efgtoa@n                 cstackBANK0  000092
efgtoa@ne                cstackBANK0  000076
efgtoa@nmode             cstackBANK0  00007E
efgtoa@ou                cstackBANK0  000060
efgtoa@p                 cstackBANK0  00007C
efgtoa@pp                cstackBANK0  000072
efgtoa@sign              cstackBANK0  00007A
efgtoa@t                 cstackBANK0  000070
efgtoa@u                 cstackBANK0  000094
efgtoa@w                 cstackBANK0  00007F
end_of_initialization    cinit        0038D6
floorf@F524              bssBANK0     0000CC
floorf@e                 cstackCOMRAM 00002C
floorf@m                 cstackCOMRAM 000028
floorf@u                 cstackCOMRAM 00002E
floorf@x                 cstackCOMRAM 00001E
fputc@c                  cstackCOMRAM 000005
fputc@fp                 cstackCOMRAM 000007
fputs@c                  cstackCOMRAM 000012
fputs@fp                 cstackCOMRAM 000010
fputs@i                  cstackCOMRAM 000013
fputs@s                  cstackCOMRAM 00000E
int$flags                temp         00005A
int_func                 intcode_body 003352
intlevel0                text         000000
intlevel1                text         000000
intlevel2                text         000000
intlevel3                text         000000
isdigit@c                cstackCOMRAM 000005
isspace@c                cstackCOMRAM 000005
isupper@c                cstackCOMRAM 000005
pad@buf                  cstackCOMRAM 000017
pad@fp                   cstackCOMRAM 000015
pad@i                    cstackCOMRAM 00001C
pad@p                    cstackCOMRAM 000019
pad@w                    cstackCOMRAM 00001E
sprintf@ap               cstackBANK0  0000B2
sprintf@f                cstackBANK0  0000B4
sprintf@fmt              cstackBANK0  0000AA
sprintf@s                cstackBANK0  0000A8
stackhi                  (abs)        0007FF
stacklo                  (abs)        000150
start                    init         000026
start_initialization     cinit        0038B2
strcpy@d                 cstackCOMRAM 00000D
strcpy@dest              cstackCOMRAM 000005
strcpy@s                 cstackCOMRAM 00000B
strcpy@src               cstackCOMRAM 000007
strlen@a                 cstackCOMRAM 000007
strlen@s                 cstackCOMRAM 000005
strncmp@_l               cstackCOMRAM 000005
strncmp@_r               cstackCOMRAM 000007
strncmp@l                cstackCOMRAM 00000C
strncmp@n                cstackCOMRAM 000009
strncmp@r                cstackCOMRAM 00000E
tolower@c                cstackCOMRAM 00000B
ttemp5                   temp         00005B
ttemp6                   temp         00005E
ttemp7                   temp         000062
vfpfcnvrt@ap             cstackCOMRAM 000048
vfpfcnvrt@c              cstackBANK0  0000A5
vfpfcnvrt@ct             cstackBANK0  0000A2
vfpfcnvrt@done           cstackBANK0  000098
vfpfcnvrt@f              cstackBANK0  00009E
vfpfcnvrt@fmt            cstackCOMRAM 000046
vfpfcnvrt@fp             cstackCOMRAM 000044
vfprintf@ap              cstackCOMRAM 000052
vfprintf@cfmt            cstackBANK0  0000A6
vfprintf@fmt             cstackCOMRAM 000050
vfprintf@fp              cstackCOMRAM 00004E
wtemp8                   temp         00005B


FUNCTION INFORMATION:

 *************** function _main *****************
 Defined at:
		line 24 in file "Programa_principal.c"
 Parameters:    Size  Location     Type
		None
 Auto vars:     Size  Location     Type
		None
 Return value:  Size  Location     Type
                  1    wreg      void 
 Registers used:
		wreg, fsr1l, fsr1h, fsr2l, fsr2h, status,2, status,0, tblptrl, tblptrh, tblptru, prodl, prodh, cstack
 Tracked objects:
		On entry : 
		On exit  : 
		Unchanged: 
 Data sizes:     COMRAM   BANK0   BANK1   BANK2   BANK3   BANK4   BANK5   BANK6   BANK7
      Params:         0       0       0       0       0       0       0       0       0
      Locals:         0       0       0       0       0       0       0       0       0
      Temps:          0       2       0       0       0       0       0       0       0
      Totals:         0       2       0       0       0       0       0       0       0
Total ram usage:        2 bytes
 Hardware stack levels required when called:   10
 This function calls:
		_ADC_Init
		_ADC_Read
		_EUSART_Cadena
		_EUSART_Init
		_Int_Init
		_LCD_Cadena
		_LCD_Init
		___flmul
		___xxtofl
		_sprintf
 This function is called by:
		Startup code after reset
 This function uses a non-reentrant model


 *************** function _sprintf *****************
 Defined at:
		line 9 in file "C:\Program Files\Microchip\xc8\v2.20\pic\sources\c99\common\nf_sprintf.c"
 Parameters:    Size  Location     Type
  s               2   72[BANK0 ] PTR unsigned char 
		 -> datos_adc(16), 
  fmt             2   74[BANK0 ] PTR const unsigned char 
		 -> STR_2(18), 
 Auto vars:     Size  Location     Type
  f               6   84[BANK0 ] struct _IO_FILE
  ap              2   82[BANK0 ] PTR void [1]
		 -> ?_sprintf(2), 
  ret             2    0        int 
 Return value:  Size  Location     Type
                  2   72[BANK0 ] int 
 Registers used:
		wreg, fsr1l, fsr1h, fsr2l, fsr2h, status,2, status,0, tblptrl, tblptrh, tblptru, prodl, prodh, cstack
 Tracked objects:
		On entry : 
		On exit  : 
		Unchanged: 
 Data sizes:     COMRAM   BANK0   BANK1   BANK2   BANK3   BANK4   BANK5   BANK6   BANK7
      Params:         0       8       0       0       0       0       0       0       0
      Locals:         0      10       0       0       0       0       0       0       0
      Temps:          0       0       0       0       0       0       0       0       0
      Totals:         0      18       0       0       0       0       0       0       0
Total ram usage:       18 bytes
 Hardware stack levels used:    1
 Hardware stack levels required when called:    9
 This function calls:
		_vfprintf
 This function is called by:
		_main
 This function uses a non-reentrant model


 *************** function _vfprintf *****************
 Defined at:
		line 1368 in file "C:\Program Files\Microchip\xc8\v2.20\pic\sources\c99\common\doprnt.c"
 Parameters:    Size  Location     Type
  fp              2   77[COMRAM] PTR struct _IO_FILE
		 -> sprintf@f(6), 
  fmt             2   79[COMRAM] PTR const unsigned char 
		 -> STR_2(18), 
  ap              2   81[COMRAM] PTR PTR void 
		 -> sprintf@ap(2), 
 Auto vars:     Size  Location     Type
  cfmt            2   70[BANK0 ] PTR unsigned char 
		 -> STR_2(18), 
 Return value:  Size  Location     Type
                  2   77[COMRAM] int 
 Registers used:
		wreg, fsr1l, fsr1h, fsr2l, fsr2h, status,2, status,0, tblptrl, tblptrh, tblptru, prodl, prodh, cstack
 Tracked objects:
		On entry : 
		On exit  : 
		Unchanged: 
 Data sizes:     COMRAM   BANK0   BANK1   BANK2   BANK3   BANK4   BANK5   BANK6   BANK7
      Params:         6       0       0       0       0       0       0       0       0
      Locals:         0       2       0       0       0       0       0       0       0
      Temps:          0       0       0       0       0       0       0       0       0
      Totals:         6       2       0       0       0       0       0       0       0
Total ram usage:        8 bytes
 Hardware stack levels used:    1
 Hardware stack levels required when called:    8
 This function calls:
		_vfpfcnvrt
 This function is called by:
		_sprintf
 This function uses a non-reentrant model


 *************** function _vfpfcnvrt *****************
 Defined at:
		line 670 in file "C:\Program Files\Microchip\xc8\v2.20\pic\sources\c99\common\doprnt.c"
 Parameters:    Size  Location     Type
  fp              2   67[COMRAM] PTR struct _IO_FILE
		 -> sprintf@f(6), 
  fmt             2   69[COMRAM] PTR PTR unsigned char 
		 -> vfprintf@cfmt(2), 
  ap              2   71[COMRAM] PTR PTR void 
		 -> sprintf@ap(2), 
 Auto vars:     Size  Location     Type
  llu             8    0        unsigned long long 
  ll              8    0        long long 
  f               4   62[BANK0 ] long long 
  ct              3   66[BANK0 ] unsigned char [3]
  vp              3    0        PTR void 
  cp              3    0        PTR unsigned char 
  done            2   56[BANK0 ] int 
  i               2    0        int 
  c               1   69[BANK0 ] unsigned char 
 Return value:  Size  Location     Type
                  2   67[COMRAM] int 
 Registers used:
		wreg, fsr1l, fsr1h, fsr2l, fsr2h, status,2, status,0, tblptrl, tblptrh, tblptru, prodl, prodh, cstack
 Tracked objects:
		On entry : 
		On exit  : 
		Unchanged: 
 Data sizes:     COMRAM   BANK0   BANK1   BANK2   BANK3   BANK4   BANK5   BANK6   BANK7
      Params:         6       0       0       0       0       0       0       0       0
      Locals:         0      14       0       0       0       0       0       0       0
      Temps:          4       0       0       0       0       0       0       0       0
      Totals:        10      14       0       0       0       0       0       0       0
Total ram usage:       24 bytes
 Hardware stack levels used:    1
 Hardware stack levels required when called:    7
 This function calls:
		_atoi
		_efgtoa
		_fputc
		_isdigit
		_isupper
		_strncmp
		_tolower
 This function is called by:
		_vfprintf
 This function uses a non-reentrant model


 *************** function _strncmp *****************
 Defined at:
		line 3 in file "C:\Program Files\Microchip\xc8\v2.20\pic\sources\c99\common\strncmp.c"
 Parameters:    Size  Location     Type
  _l              2    4[COMRAM] PTR const unsigned char 
		 -> vfpfcnvrt@ct(3), 
  _r              2    6[COMRAM] PTR const unsigned char 
		 -> STR_13(3), 
  n               2    8[COMRAM] unsigned int 
 Auto vars:     Size  Location     Type
  r               2   13[COMRAM] PTR const unsigned char 
		 -> STR_13(3), 
  l               2   11[COMRAM] PTR const unsigned char 
		 -> vfpfcnvrt@ct(3), 
 Return value:  Size  Location     Type
                  2    4[COMRAM] int 
 Registers used:
		wreg, fsr2l, fsr2h, status,2, status,0, tblptrl, tblptrh, tblptru
 Tracked objects:
		On entry : 
		On exit  : 
		Unchanged: 
 Data sizes:     COMRAM   BANK0   BANK1   BANK2   BANK3   BANK4   BANK5   BANK6   BANK7
      Params:         6       0       0       0       0       0       0       0       0
      Locals:         4       0       0       0       0       0       0       0       0
      Temps:          1       0       0       0       0       0       0       0       0
      Totals:        11       0       0       0       0       0       0       0       0
Total ram usage:       11 bytes
 Hardware stack levels used:    1
 Hardware stack levels required when called:    2
 This function calls:
		Nothing
 This function is called by:
		_vfpfcnvrt
 This function uses a non-reentrant model


 *************** function _efgtoa *****************
 Defined at:
		line 319 in file "C:\Program Files\Microchip\xc8\v2.20\pic\sources\c99\common\doprnt.c"
 Parameters:    Size  Location     Type
  fp              2   55[COMRAM] PTR struct _IO_FILE
		 -> sprintf@f(6), 
  f               4   57[COMRAM] PTR struct _IO_FILE
  c               1   61[COMRAM] unsigned char 
 Auto vars:     Size  Location     Type
  u               4   52[BANK0 ] unsigned char 
  g               4   44[BANK0 ] unsigned char 
  l               4   38[BANK0 ] unsigned char 
  h               4   34[BANK0 ] unsigned char 
  ou              4    0[BANK0 ] unsigned char 
  n               2   50[BANK0 ] int 
  e               2   48[BANK0 ] int 
  i               2   42[BANK0 ] int 
  w               2   31[BANK0 ] int 
  p               2   28[BANK0 ] int 
  sign            2   26[BANK0 ] int 
  d               2   24[BANK0 ] int 
  ne              2   22[BANK0 ] int 
  m               2   20[BANK0 ] int 
  pp              2   18[BANK0 ] int 
  t               2   16[BANK0 ] int 
  mode            1   33[BANK0 ] unsigned char 
  nmode           1   30[BANK0 ] unsigned char 
 Return value:  Size  Location     Type
                  2   55[COMRAM] int 
 Registers used:
		wreg, fsr1l, fsr1h, fsr2l, fsr2h, status,2, status,0, tblptrl, tblptrh, tblptru, prodl, prodh, cstack
 Tracked objects:
		On entry : 
		On exit  : 
		Unchanged: 
 Data sizes:     COMRAM   BANK0   BANK1   BANK2   BANK3   BANK4   BANK5   BANK6   BANK7
      Params:         7       0       0       0       0       0       0       0       0
      Locals:         0      56       0       0       0       0       0       0       0
      Temps:          5       0       0       0       0       0       0       0       0
      Totals:        12      56       0       0       0       0       0       0       0
Total ram usage:       68 bytes
 Hardware stack levels used:    1
 Hardware stack levels required when called:    6
 This function calls:
		___awdiv
		___awmod
		___fladd
		___fldiv
		___fleq
		___flge
		___flmul
		___flneg
		___flsub
		___fltol
		___fpclassifyf
		_floorf
		_isupper
		_pad
		_strcpy
		_tolower
 This function is called by:
		_vfpfcnvrt
 This function uses a non-reentrant model


 *************** function _tolower *****************
 Defined at:
		line 4 in file "C:\Program Files\Microchip\xc8\v2.20\pic\sources\c99\common\tolower.c"
 Parameters:    Size  Location     Type
  c               2   10[COMRAM] int 
 Auto vars:     Size  Location     Type
		None
 Return value:  Size  Location     Type
                  2   10[COMRAM] int 
 Registers used:
		wreg, status,2, status,0
 Tracked objects:
		On entry : 
		On exit  : 
		Unchanged: 
 Data sizes:     COMRAM   BANK0   BANK1   BANK2   BANK3   BANK4   BANK5   BANK6   BANK7
      Params:         2       0       0       0       0       0       0       0       0
      Locals:         2       0       0       0       0       0       0       0       0
      Temps:          4       0       0       0       0       0       0       0       0
      Totals:         8       0       0       0       0       0       0       0       0
Total ram usage:        8 bytes
 Hardware stack levels used:    1
 Hardware stack levels required when called:    3
 This function calls:
		_isupper
 This function is called by:
		_efgtoa
		_vfpfcnvrt
 This function uses a non-reentrant model


 *************** function _isupper *****************
 Defined at:
		line 5 in file "C:\Program Files\Microchip\xc8\v2.20\pic\sources\c99\common\isupper.c"
 Parameters:    Size  Location     Type
  c               2    4[COMRAM] int 
 Auto vars:     Size  Location     Type
		None
 Return value:  Size  Location     Type
                  2    4[COMRAM] int 
 Registers used:
		wreg, status,2, status,0
 Tracked objects:
		On entry : 
		On exit  : 
		Unchanged: 
 Data sizes:     COMRAM   BANK0   BANK1   BANK2   BANK3   BANK4   BANK5   BANK6   BANK7
      Params:         2       0       0       0       0       0       0       0       0
      Locals:         0       0       0       0       0       0       0       0       0
      Temps:          4       0       0       0       0       0       0       0       0
      Totals:         6       0       0       0       0       0       0       0       0
Total ram usage:        6 bytes
 Hardware stack levels used:    1
 Hardware stack levels required when called:    2
 This function calls:
		Nothing
 This function is called by:
		_efgtoa
		_vfpfcnvrt
		_tolower
 This function uses a non-reentrant model


 *************** function _strcpy *****************
 Defined at:
		line 3 in file "C:\Program Files\Microchip\xc8\v2.20\pic\sources\c99\common\strcpy.c"
 Parameters:    Size  Location     Type
  dest            2    4[COMRAM] PTR unsigned char 
		 -> dbuf(80), 
  src             2    6[COMRAM] PTR const unsigned char 
		 -> STR_8(4), STR_7(4), STR_4(4), STR_3(4), 
		 -> dbuf(80), 
 Auto vars:     Size  Location     Type
  d               2   12[COMRAM] PTR unsigned char 
		 -> dbuf(80), 
  s               2   10[COMRAM] PTR const unsigned char 
		 -> STR_8(4), STR_7(4), STR_4(4), STR_3(4), 
		 -> dbuf(80), 
 Return value:  Size  Location     Type
                  2    4[COMRAM] PTR unsigned char 
 Registers used:
		wreg, fsr1l, fsr1h, fsr2l, fsr2h, status,2, status,0, tblptrl, tblptrh, tblptru
 Tracked objects:
		On entry : 
		On exit  : 
		Unchanged: 
 Data sizes:     COMRAM   BANK0   BANK1   BANK2   BANK3   BANK4   BANK5   BANK6   BANK7
      Params:         4       0       0       0       0       0       0       0       0
      Locals:         4       0       0       0       0       0       0       0       0
      Temps:          2       0       0       0       0       0       0       0       0
      Totals:        10       0       0       0       0       0       0       0       0
Total ram usage:       10 bytes
 Hardware stack levels used:    1
 Hardware stack levels required when called:    2
 This function calls:
		Nothing
 This function is called by:
		_efgtoa
 This function uses a non-reentrant model


 *************** function _pad *****************
 Defined at:
		line 72 in file "C:\Program Files\Microchip\xc8\v2.20\pic\sources\c99\common\doprnt.c"
 Parameters:    Size  Location     Type
  fp              2   20[COMRAM] PTR struct _IO_FILE
		 -> sprintf@f(6), 
  buf             2   22[COMRAM] PTR unsigned char 
		 -> dbuf(80), 
  p               2   24[COMRAM] int 
 Auto vars:     Size  Location     Type
  w               2   29[COMRAM] int 
  i               2   27[COMRAM] int 
 Return value:  Size  Location     Type
                  2   20[COMRAM] int 
 Registers used:
		wreg, fsr1l, fsr1h, fsr2l, fsr2h, status,2, status,0, cstack
 Tracked objects:
		On entry : 
		On exit  : 
		Unchanged: 
 Data sizes:     COMRAM   BANK0   BANK1   BANK2   BANK3   BANK4   BANK5   BANK6   BANK7
      Params:         6       0       0       0       0       0       0       0       0
      Locals:         4       0       0       0       0       0       0       0       0
      Temps:          1       0       0       0       0       0       0       0       0
      Totals:        11       0       0       0       0       0       0       0       0
Total ram usage:       11 bytes
 Hardware stack levels used:    1
 Hardware stack levels required when called:    5
 This function calls:
		_fputc
		_fputs
		_strlen
 This function is called by:
		_efgtoa
 This function uses a non-reentrant model


 *************** function _strlen *****************
 Defined at:
		line 5 in file "C:\Program Files\Microchip\xc8\v2.20\pic\sources\c99\common\strlen.c"
 Parameters:    Size  Location     Type
  s               2    4[COMRAM] PTR const unsigned char 
		 -> dbuf(80), 
 Auto vars:     Size  Location     Type
  a               2    6[COMRAM] PTR const unsigned char 
		 -> dbuf(80), 
 Return value:  Size  Location     Type
                  2    4[COMRAM] unsigned int 
 Registers used:
		wreg, fsr2l, fsr2h, status,2, status,0
 Tracked objects:
		On entry : 
		On exit  : 
		Unchanged: 
 Data sizes:     COMRAM   BANK0   BANK1   BANK2   BANK3   BANK4   BANK5   BANK6   BANK7
      Params:         2       0       0       0       0       0       0       0       0
      Locals:         2       0       0       0       0       0       0       0       0
      Temps:          0       0       0       0       0       0       0       0       0
      Totals:         4       0       0       0       0       0       0       0       0
Total ram usage:        4 bytes
 Hardware stack levels used:    1
 Hardware stack levels required when called:    2
 This function calls:
		Nothing
 This function is called by:
		_pad
 This function uses a non-reentrant model


 *************** function _fputs *****************
 Defined at:
		line 8 in file "C:\Program Files\Microchip\xc8\v2.20\pic\sources\c99\common\nf_fputs.c"
 Parameters:    Size  Location     Type
  s               2   13[COMRAM] PTR const unsigned char 
		 -> dbuf(80), 
  fp              2   15[COMRAM] PTR struct _IO_FILE
		 -> sprintf@f(6), 
 Auto vars:     Size  Location     Type
  i               2   18[COMRAM] int 
  c               1   17[COMRAM] unsigned char 
 Return value:  Size  Location     Type
                  2   13[COMRAM] int 
 Registers used:
		wreg, fsr1l, fsr1h, fsr2l, fsr2h, status,2, status,0, cstack
 Tracked objects:
		On entry : 
		On exit  : 
		Unchanged: 
 Data sizes:     COMRAM   BANK0   BANK1   BANK2   BANK3   BANK4   BANK5   BANK6   BANK7
      Params:         4       0       0       0       0       0       0       0       0
      Locals:         3       0       0       0       0       0       0       0       0
      Temps:          0       0       0       0       0       0       0       0       0
      Totals:         7       0       0       0       0       0       0       0       0
Total ram usage:        7 bytes
 Hardware stack levels used:    1
 Hardware stack levels required when called:    4
 This function calls:
		_fputc
 This function is called by:
		_pad
 This function uses a non-reentrant model


 *************** function _fputc *****************
 Defined at:
		line 8 in file "C:\Program Files\Microchip\xc8\v2.20\pic\sources\c99\common\nf_fputc.c"
 Parameters:    Size  Location     Type
  c               2    4[COMRAM] int 
  fp              2    6[COMRAM] PTR struct _IO_FILE
		 -> sprintf@f(6), 
 Auto vars:     Size  Location     Type
		None
 Return value:  Size  Location     Type
                  2    4[COMRAM] int 
 Registers used:
		wreg, fsr1l, fsr1h, fsr2l, fsr2h, status,2, status,0, cstack
 Tracked objects:
		On entry : 
		On exit  : 
		Unchanged: 
 Data sizes:     COMRAM   BANK0   BANK1   BANK2   BANK3   BANK4   BANK5   BANK6   BANK7
      Params:         4       0       0       0       0       0       0       0       0
      Locals:         0       0       0       0       0       0       0       0       0
      Temps:          5       0       0       0       0       0       0       0       0
      Totals:         9       0       0       0       0       0       0       0       0
Total ram usage:        9 bytes
 Hardware stack levels used:    1
 Hardware stack levels required when called:    3
 This function calls:
		_putch
 This function is called by:
		_pad
		_vfpfcnvrt
		_fputs
 This function uses a non-reentrant model


 *************** function _putch *****************
 Defined at:
		line 7 in file "C:\Program Files\Microchip\xc8\v2.20\pic\sources\c99\common\putch.c"
 Parameters:    Size  Location     Type
  c               1    wreg     unsigned char 
 Auto vars:     Size  Location     Type
  c               1    0[COMRAM] unsigned char 
 Return value:  Size  Location     Type
                  1    wreg      void 
 Registers used:
		wreg
 Tracked objects:
		On entry : 
		On exit  : 
		Unchanged: 
 Data sizes:     COMRAM   BANK0   BANK1   BANK2   BANK3   BANK4   BANK5   BANK6   BANK7
      Params:         0       0       0       0       0       0       0       0       0
      Locals:         0       0       0       0       0       0       0       0       0
      Temps:          0       0       0       0       0       0       0       0       0
      Totals:         0       0       0       0       0       0       0       0       0
Total ram usage:        0 bytes
 Hardware stack levels used:    1
 Hardware stack levels required when called:    2
 This function calls:
		Nothing
 This function is called by:
		_fputc
 This function uses a non-reentrant model


 *************** function _floorf *****************
 Defined at:
		line 3 in file "C:\Program Files\Microchip\xc8\v2.20\pic\sources\c99\common\floorf.c"
 Parameters:    Size  Location     Type
  x               4   29[COMRAM] float 
 Auto vars:     Size  Location     Type
  u               4   45[COMRAM] struct .
  m               4   39[COMRAM] unsigned long 
  e               2   43[COMRAM] int 
 Return value:  Size  Location     Type
                  4   29[COMRAM] float 
 Registers used:
		wreg, status,2, status,0
 Tracked objects:
		On entry : 
		On exit  : 
		Unchanged: 
 Data sizes:     COMRAM   BANK0   BANK1   BANK2   BANK3   BANK4   BANK5   BANK6   BANK7
      Params:         4       0       0       0       0       0       0       0       0
      Locals:        10       0       0       0       0       0       0       0       0
      Temps:          6       0       0       0       0       0       0       0       0
      Totals:        20       0       0       0       0       0       0       0       0
Total ram usage:       20 bytes
 Hardware stack levels used:    1
 Hardware stack levels required when called:    2
 This function calls:
		Nothing
 This function is called by:
		_efgtoa
 This function uses a non-reentrant model


 *************** function ___fpclassifyf *****************
 Defined at:
		line 4 in file "C:\Program Files\Microchip\xc8\v2.20\pic\sources\c99\common\__fpclassifyf.c"
 Parameters:    Size  Location     Type
  x               4    4[COMRAM] float 
 Auto vars:     Size  Location     Type
  u               4   14[COMRAM] struct .
  e               2   12[COMRAM] int 
 Return value:  Size  Location     Type
                  2    4[COMRAM] int 
 Registers used:
		wreg, status,2, status,0
 Tracked objects:
		On entry : 
		On exit  : 
		Unchanged: 
 Data sizes:     COMRAM   BANK0   BANK1   BANK2   BANK3   BANK4   BANK5   BANK6   BANK7
      Params:         4       0       0       0       0       0       0       0       0
      Locals:         6       0       0       0       0       0       0       0       0
      Temps:          4       0       0       0       0       0       0       0       0
      Totals:        14       0       0       0       0       0       0       0       0
Total ram usage:       14 bytes
 Hardware stack levels used:    1
 Hardware stack levels required when called:    2
 This function calls:
		Nothing
 This function is called by:
		_efgtoa
 This function uses a non-reentrant model


 *************** function ___fltol *****************
 Defined at:
		line 43 in file "C:\Program Files\Microchip\xc8\v2.20\pic\sources\c99\common\fltol.c"
 Parameters:    Size  Location     Type
  f1              4    4[COMRAM] int 
 Auto vars:     Size  Location     Type
  exp1            1   13[COMRAM] unsigned char 
  sign1           1   12[COMRAM] unsigned char 
 Return value:  Size  Location     Type
                  4    4[COMRAM] long 
 Registers used:
		wreg, status,2, status,0
 Tracked objects:
		On entry : 
		On exit  : 
		Unchanged: 
 Data sizes:     COMRAM   BANK0   BANK1   BANK2   BANK3   BANK4   BANK5   BANK6   BANK7
      Params:         4       0       0       0       0       0       0       0       0
      Locals:         2       0       0       0       0       0       0       0       0
      Temps:          4       0       0       0       0       0       0       0       0
      Totals:        10       0       0       0       0       0       0       0       0
Total ram usage:       10 bytes
 Hardware stack levels used:    1
 Hardware stack levels required when called:    2
 This function calls:
		Nothing
 This function is called by:
		_efgtoa
 This function uses a non-reentrant model


 *************** function ___flsub *****************
 Defined at:
		line 245 in file "C:\Program Files\Microchip\xc8\v2.20\pic\sources\c99\common\sprcadd.c"
 Parameters:    Size  Location     Type
  b               4   43[COMRAM] long 
  a               4   47[COMRAM] long 
 Auto vars:     Size  Location     Type
		None
 Return value:  Size  Location     Type
                  4   43[COMRAM] long 
 Registers used:
		wreg, status,2, status,0, cstack
 Tracked objects:
		On entry : 
		On exit  : 
		Unchanged: 
 Data sizes:     COMRAM   BANK0   BANK1   BANK2   BANK3   BANK4   BANK5   BANK6   BANK7
      Params:         8       0       0       0       0       0       0       0       0
      Locals:         0       0       0       0       0       0       0       0       0
      Temps:          0       0       0       0       0       0       0       0       0
      Totals:         8       0       0       0       0       0       0       0       0
Total ram usage:        8 bytes
 Hardware stack levels used:    1
 Hardware stack levels required when called:    3
 This function calls:
		___fladd
 This function is called by:
		_efgtoa
 This function uses a non-reentrant model


 *************** function ___fladd *****************
 Defined at:
		line 10 in file "C:\Program Files\Microchip\xc8\v2.20\pic\sources\c99\common\sprcadd.c"
 Parameters:    Size  Location     Type
  b               4    4[COMRAM] long 
  a               4    8[COMRAM] long 
 Auto vars:     Size  Location     Type
  grs             1   19[COMRAM] unsigned char 
  bexp            1   18[COMRAM] unsigned char 
  aexp            1   17[COMRAM] unsigned char 
  signs           1   16[COMRAM] unsigned char 
 Return value:  Size  Location     Type
                  4    4[COMRAM] unsigned char 
 Registers used:
		wreg, status,2, status,0
 Tracked objects:
		On entry : 
		On exit  : 
		Unchanged: 
 Data sizes:     COMRAM   BANK0   BANK1   BANK2   BANK3   BANK4   BANK5   BANK6   BANK7
      Params:         8       0       0       0       0       0       0       0       0
      Locals:         4       0       0       0       0       0       0       0       0
      Temps:          4       0       0       0       0       0       0       0       0
      Totals:        16       0       0       0       0       0       0       0       0
Total ram usage:       16 bytes
 Hardware stack levels used:    1
 Hardware stack levels required when called:    2
 This function calls:
		Nothing
 This function is called by:
		___flsub
		_efgtoa
 This function uses a non-reentrant model


 *************** function ___flneg *****************
 Defined at:
		line 15 in file "C:\Program Files\Microchip\xc8\v2.20\pic\sources\c99\common\flneg.c"
 Parameters:    Size  Location     Type
  f1              4    4[COMRAM] unsigned char 
 Auto vars:     Size  Location     Type
		None
 Return value:  Size  Location     Type
                  4    4[COMRAM] unsigned char 
 Registers used:
		wreg, status,2, status,0
 Tracked objects:
		On entry : 
		On exit  : 
		Unchanged: 
 Data sizes:     COMRAM   BANK0   BANK1   BANK2   BANK3   BANK4   BANK5   BANK6   BANK7
      Params:         4       0       0       0       0       0       0       0       0
      Locals:         0       0       0       0       0       0       0       0       0
      Temps:          0       0       0       0       0       0       0       0       0
      Totals:         4       0       0       0       0       0       0       0       0
Total ram usage:        4 bytes
 Hardware stack levels used:    1
 Hardware stack levels required when called:    2
 This function calls:
		Nothing
 This function is called by:
		_efgtoa
 This function uses a non-reentrant model


 *************** function ___flmul *****************
 Defined at:
		line 8 in file "C:\Program Files\Microchip\xc8\v2.20\pic\sources\c99\common\sprcmul.c"
 Parameters:    Size  Location     Type
  b               4   18[COMRAM] unsigned char 
  a               4   22[COMRAM] unsigned char 
 Auto vars:     Size  Location     Type
  prod            4   37[COMRAM] struct .
  grs             4   32[COMRAM] unsigned long 
  temp            2   41[COMRAM] struct .
  bexp            1   36[COMRAM] unsigned char 
  aexp            1   31[COMRAM] unsigned char 
  sign            1   30[COMRAM] unsigned char 
 Return value:  Size  Location     Type
                  4   18[COMRAM] unsigned char 
 Registers used:
		wreg, status,2, status,0, prodl, prodh
 Tracked objects:
		On entry : 
		On exit  : 
		Unchanged: 
 Data sizes:     COMRAM   BANK0   BANK1   BANK2   BANK3   BANK4   BANK5   BANK6   BANK7
      Params:         8       0       0       0       0       0       0       0       0
      Locals:        13       0       0       0       0       0       0       0       0
      Temps:          4       0       0       0       0       0       0       0       0
      Totals:        25       0       0       0       0       0       0       0       0
Total ram usage:       25 bytes
 Hardware stack levels used:    1
 Hardware stack levels required when called:    2
 This function calls:
		Nothing
 This function is called by:
		_main
		_efgtoa
 This function uses a non-reentrant model


 *************** function ___flge *****************
 Defined at:
		line 4 in file "C:\Program Files\Microchip\xc8\v2.20\pic\sources\c99\common\flge.c"
 Parameters:    Size  Location     Type
  ff1             4   43[COMRAM] unsigned char 
  ff2             4   47[COMRAM] unsigned char 
 Auto vars:     Size  Location     Type
		None
 Return value:  Size  Location     Type
		None               void
 Registers used:
		wreg, status,2, status,0
 Tracked objects:
		On entry : 
		On exit  : 
		Unchanged: 
 Data sizes:     COMRAM   BANK0   BANK1   BANK2   BANK3   BANK4   BANK5   BANK6   BANK7
      Params:         8       0       0       0       0       0       0       0       0
      Locals:         0       0       0       0       0       0       0       0       0
      Temps:          4       0       0       0       0       0       0       0       0
      Totals:        12       0       0       0       0       0       0       0       0
Total ram usage:       12 bytes
 Hardware stack levels used:    1
 Hardware stack levels required when called:    2
 This function calls:
		Nothing
 This function is called by:
		_efgtoa
 This function uses a non-reentrant model


 *************** function ___fleq *****************
 Defined at:
		line 4 in file "C:\Program Files\Microchip\xc8\v2.20\pic\sources\c99\common\fleq.c"
 Parameters:    Size  Location     Type
  ff1             4    4[COMRAM] unsigned char 
  ff2             4    8[COMRAM] unsigned char 
 Auto vars:     Size  Location     Type
		None
 Return value:  Size  Location     Type
		None               void
 Registers used:
		wreg, status,2, status,0
 Tracked objects:
		On entry : 
		On exit  : 
		Unchanged: 
 Data sizes:     COMRAM   BANK0   BANK1   BANK2   BANK3   BANK4   BANK5   BANK6   BANK7
      Params:         8       0       0       0       0       0       0       0       0
      Locals:         0       0       0       0       0       0       0       0       0
      Temps:          4       0       0       0       0       0       0       0       0
      Totals:        12       0       0       0       0       0       0       0       0
Total ram usage:       12 bytes
 Hardware stack levels used:    1
 Hardware stack levels required when called:    2
 This function calls:
		Nothing
 This function is called by:
		_efgtoa
 This function uses a non-reentrant model


 *************** function ___fldiv *****************
 Defined at:
		line 11 in file "C:\Program Files\Microchip\xc8\v2.20\pic\sources\c99\common\sprcdiv.c"
 Parameters:    Size  Location     Type
  b               4    4[COMRAM] unsigned char 
  a               4    8[COMRAM] unsigned char 
 Auto vars:     Size  Location     Type
  grs             4   23[COMRAM] unsigned long 
  rem             4   16[COMRAM] unsigned long 
  new_exp         2   21[COMRAM] short 
  aexp            1   28[COMRAM] unsigned char 
  bexp            1   27[COMRAM] unsigned char 
  sign            1   20[COMRAM] unsigned char 
 Return value:  Size  Location     Type
                  4    4[COMRAM] unsigned char 
 Registers used:
		wreg, status,2, status,0
 Tracked objects:
		On entry : 
		On exit  : 
		Unchanged: 
 Data sizes:     COMRAM   BANK0   BANK1   BANK2   BANK3   BANK4   BANK5   BANK6   BANK7
      Params:         8       0       0       0       0       0       0       0       0
      Locals:        13       0       0       0       0       0       0       0       0
      Temps:          4       0       0       0       0       0       0       0       0
      Totals:        25       0       0       0       0       0       0       0       0
Total ram usage:       25 bytes
 Hardware stack levels used:    1
 Hardware stack levels required when called:    2
 This function calls:
		Nothing
 This function is called by:
		_efgtoa
 This function uses a non-reentrant model


 *************** function ___awmod *****************
 Defined at:
		line 7 in file "C:\Program Files\Microchip\xc8\v2.20\pic\sources\c99\common\awmod.c"
 Parameters:    Size  Location     Type
  dividend        2    4[COMRAM] int 
  divisor         2    6[COMRAM] int 
 Auto vars:     Size  Location     Type
  sign            1    9[COMRAM] unsigned char 
  counter         1    8[COMRAM] unsigned char 
 Return value:  Size  Location     Type
                  2    4[COMRAM] int 
 Registers used:
		wreg, status,2, status,0
 Tracked objects:
		On entry : 
		On exit  : 
		Unchanged: 
 Data sizes:     COMRAM   BANK0   BANK1   BANK2   BANK3   BANK4   BANK5   BANK6   BANK7
      Params:         4       0       0       0       0       0       0       0       0
      Locals:         2       0       0       0       0       0       0       0       0
      Temps:          0       0       0       0       0       0       0       0       0
      Totals:         6       0       0       0       0       0       0       0       0
Total ram usage:        6 bytes
 Hardware stack levels used:    1
 Hardware stack levels required when called:    2
 This function calls:
		Nothing
 This function is called by:
		_efgtoa
 This function uses a non-reentrant model


 *************** function ___awdiv *****************
 Defined at:
		line 7 in file "C:\Program Files\Microchip\xc8\v2.20\pic\sources\c99\common\awdiv.c"
 Parameters:    Size  Location     Type
  dividend        2    4[COMRAM] int 
  divisor         2    6[COMRAM] int 
 Auto vars:     Size  Location     Type
  quotient        2   10[COMRAM] int 
  sign            1    9[COMRAM] unsigned char 
  counter         1    8[COMRAM] unsigned char 
 Return value:  Size  Location     Type
                  2    4[COMRAM] int 
 Registers used:
		wreg, status,2, status,0
 Tracked objects:
		On entry : 
		On exit  : 
		Unchanged: 
 Data sizes:     COMRAM   BANK0   BANK1   BANK2   BANK3   BANK4   BANK5   BANK6   BANK7
      Params:         4       0       0       0       0       0       0       0       0
      Locals:         4       0       0       0       0       0       0       0       0
      Temps:          0       0       0       0       0       0       0       0       0
      Totals:         8       0       0       0       0       0       0       0       0
Total ram usage:        8 bytes
 Hardware stack levels used:    1
 Hardware stack levels required when called:    2
 This function calls:
		Nothing
 This function is called by:
		_efgtoa
 This function uses a non-reentrant model


 *************** function _atoi *****************
 Defined at:
		line 4 in file "C:\Program Files\Microchip\xc8\v2.20\pic\sources\c99\common\atoi.c"
 Parameters:    Size  Location     Type
  s               2   11[COMRAM] PTR const unsigned char 
		 -> STR_2(18), 
 Auto vars:     Size  Location     Type
  n               2   24[COMRAM] int 
  neg             2   17[COMRAM] int 
 Return value:  Size  Location     Type
                  2   11[COMRAM] int 
 Registers used:
		wreg, status,2, status,0, tblptrl, tblptrh, tblptru, prodl, prodh, cstack
 Tracked objects:
		On entry : 
		On exit  : 
		Unchanged: 
 Data sizes:     COMRAM   BANK0   BANK1   BANK2   BANK3   BANK4   BANK5   BANK6   BANK7
      Params:         2       0       0       0       0       0       0       0       0
      Locals:         9       0       0       0       0       0       0       0       0
      Temps:          4       0       0       0       0       0       0       0       0
      Totals:        15       0       0       0       0       0       0       0       0
Total ram usage:       15 bytes
 Hardware stack levels used:    1
 Hardware stack levels required when called:    3
 This function calls:
		___wmul
		_isdigit
		_isspace
 This function is called by:
		_vfpfcnvrt
 This function uses a non-reentrant model


 *************** function _isspace *****************
 Defined at:
		line 5 in file "C:\Program Files\Microchip\xc8\v2.20\pic\sources\c99\common\isspace.c"
 Parameters:    Size  Location     Type
  c               2    4[COMRAM] int 
 Auto vars:     Size  Location     Type
		None
 Return value:  Size  Location     Type
                  2    4[COMRAM] int 
 Registers used:
		wreg, status,2, status,0
 Tracked objects:
		On entry : 
		On exit  : 
		Unchanged: 
 Data sizes:     COMRAM   BANK0   BANK1   BANK2   BANK3   BANK4   BANK5   BANK6   BANK7
[...]
 Hardware stack levels required when called:    2
 This function calls:
		Nothing
 This function is called by:
		_main
 This function uses a non-reentrant model


 *************** function _LCD_Init *****************
 Defined at:
		line 6 in file "LCD_Libreria.c"
 Parameters:    Size  Location     Type
		None
 Auto vars:     Size  Location     Type
		None
 Return value:  Size  Location     Type
                  1    wreg      void 
 Registers used:
		wreg, status,2, status,0, cstack
 Tracked objects:
		On entry : 
		On exit  : 
		Unchanged: 
 Data sizes:     COMRAM   BANK0   BANK1   BANK2   BANK3   BANK4   BANK5   BANK6   BANK7
      Params:         0       0       0       0       0       0       0       0       0
      Locals:         0       0       0       0       0       0       0       0       0
      Temps:          1       0       0       0       0       0       0       0       0
      Totals:         1       0       0       0       0       0       0       0       0
Total ram usage:        1 bytes
 Hardware stack levels used:    1
 Hardware stack levels required when called:    3
 This function calls:
		_LCD_Comando
 This function is called by:
		_main
 This function uses a non-reentrant model


 *************** function _LCD_Comando *****************
 Defined at:
		line 20 in file "LCD_Libreria.c"
 Parameters:    Size  Location     Type
  cmd             1    wreg     unsigned char 
 Auto vars:     Size  Location     Type
  cmd             1    5[COMRAM] unsigned char 
 Return value:  Size  Location     Type
                  1    wreg      void 
 Registers used:
		wreg, status,2, status,0
 Tracked objects:
		On entry : 
		On exit  : 
		Unchanged: 
 Data sizes:     COMRAM   BANK0   BANK1   BANK2   BANK3   BANK4   BANK5   BANK6   BANK7
      Params:         0       0       0       0       0       0       0       0       0
      Locals:         1       0       0       0       0       0       0       0       0
      Temps:          1       0       0       0       0       0       0       0       0
      Totals:         2       0       0       0       0       0       0       0       0
Total ram usage:        2 bytes
 Hardware stack levels used:    1
 Hardware stack levels required when called:    2
 This function calls:
		Nothing
 This function is called by:
		_LCD_Init
		_LCD_XY
 This function uses a non-reentrant model


 *************** function _LCD_Cadena *****************
 Defined at:
		line 92 in file "LCD_Libreria.c"
 Parameters:    Size  Location     Type
  dat             2    6[COMRAM] PTR unsigned char 
		 -> STR_1(14), 
 Auto vars:     Size  Location     Type
		None
 Return value:  Size  Location     Type
                  1    wreg      void 
 Registers used:
		wreg, status,2, status,0, tblptrl, tblptrh, tblptru, cstack
 Tracked objects:
		On entry : 
		On exit  : 
		Unchanged: 
 Data sizes:     COMRAM   BANK0   BANK1   BANK2   BANK3   BANK4   BANK5   BANK6   BANK7
      Params:         2       0       0       0       0       0       0       0       0
      Locals:         0       0       0       0       0       0       0       0       0
      Temps:          0       0       0       0       0       0       0       0       0
      Totals:         2       0       0       0       0       0       0       0       0
Total ram usage:        2 bytes
 Hardware stack levels used:    1
 Hardware stack levels required when called:    3
 This function calls:
		_LCD_Caracter
 This function is called by:
		_main
 This function uses a non-reentrant model


 *************** function _LCD_Caracter *****************
 Defined at:
		line 72 in file "LCD_Libreria.c"
 Parameters:    Size  Location     Type
  data            1    wreg     unsigned char 
 Auto vars:     Size  Location     Type
  data            1    5[COMRAM] unsigned char 
 Return value:  Size  Location     Type
                  1    wreg      void 
 Registers used:
		wreg, status,2, status,0
 Tracked objects:
		On entry : 
		On exit  : 
		Unchanged: 
 Data sizes:     COMRAM   BANK0   BANK1   BANK2   BANK3   BANK4   BANK5   BANK6   BANK7
      Params:         0       0       0       0       0       0       0       0       0
      Locals:         1       0       0       0       0       0       0       0       0
      Temps:          1       0       0       0       0       0       0       0       0
      Totals:         2       0       0       0       0       0       0       0       0
Total ram usage:        2 bytes
 Hardware stack levels used:    1
 Hardware stack levels required when called:    2
 This function calls:
		Nothing
 This function is called by:
		_LCD_Cadena
 This function uses a non-reentrant model


 *************** function _Int_Init *****************
 Defined at:
		line 10 in file "Interrupcion.c"
 Parameters:    Size  Location     Type
		None
 Auto vars:     Size  Location     Type
		None
 Return value:  Size  Location     Type
                  1    wreg      void 
 Registers used:
		None
 Tracked objects:
		On entry : 
		On exit  : 
		Unchanged: 
 Data sizes:     COMRAM   BANK0   BANK1   BANK2   BANK3   BANK4   BANK5   BANK6   BANK7
      Params:         0       0       0       0       0       0       0       0       0
      Locals:         0       0       0       0       0       0       0       0       0
      Temps:          0       0       0       0       0       0       0       0       0
      Totals:         0       0       0       0       0       0       0       0       0
Total ram usage:        0 bytes
 Hardware stack levels used:    1
 Hardware stack levels required when called:    2
 This function calls:
		Nothing
 This function is called by:
		_main
 This function uses a non-reentrant model


 *************** function _EUSART_Init *****************
 Defined at:
		line 6 in file "EUSART_Libreria.c"
 Parameters:    Size  Location     Type
  baud            1    wreg     unsigned char 
 Auto vars:     Size  Location     Type
  baud            1    4[COMRAM] unsigned char 
 Return value:  Size  Location     Type
                  1    wreg      void 
 Registers used:
		wreg
 Tracked objects:
		On entry : 
		On exit  : 
		Unchanged: 
 Data sizes:     COMRAM   BANK0   BANK1   BANK2   BANK3   BANK4   BANK5   BANK6   BANK7
      Params:         0       0       0       0       0       0       0       0       0
      Locals:         1       0       0       0       0       0       0       0       0
      Temps:          0       0       0       0       0       0       0       0       0
      Totals:         1       0       0       0       0       0       0       0       0
Total ram usage:        1 bytes
 Hardware stack levels used:    1
 Hardware stack levels required when called:    2
 This function calls:
		Nothing
 This function is called by:
		_main
 This function uses a non-reentrant model


 *************** function _EUSART_Cadena *****************
 Defined at:
		line 23 in file "EUSART_Libreria.c"
 Parameters:    Size  Location     Type
  dat             2    5[COMRAM] PTR unsigned char 
		 -> datos_adc(16), 
 Auto vars:     Size  Location     Type
		None
 Return value:  Size  Location     Type
                  1    wreg      void 
 Registers used:
		wreg, fsr2l, fsr2h, status,2, status,0, cstack
 Tracked objects:
		On entry : 
		On exit  : 
		Unchanged: 
 Data sizes:     COMRAM   BANK0   BANK1   BANK2   BANK3   BANK4   BANK5   BANK6   BANK7
      Params:         2       0       0       0       0       0       0       0       0
      Locals:         0       0       0       0       0       0       0       0       0
      Temps:          0       0       0       0       0       0       0       0       0
      Totals:         2       0       0       0       0       0       0       0       0
Total ram usage:        2 bytes
 Hardware stack levels used:    1
 Hardware stack levels required when called:    3
 This function calls:
		_EUSART_Tx
 This function is called by:
		_main
 This function uses a non-reentrant model


 *************** function _EUSART_Tx *****************
 Defined at:
		line 31 in file "EUSART_Libreria.c"
 Parameters:    Size  Location     Type
  data            1    wreg     unsigned char 
 Auto vars:     Size  Location     Type
  data            1    4[COMRAM] unsigned char 
 Return value:  Size  Location     Type
                  1    wreg      void 
 Registers used:
		wreg
 Tracked objects:
		On entry : 
		On exit  : 
		Unchanged: 
 Data sizes:     COMRAM   BANK0   BANK1   BANK2   BANK3   BANK4   BANK5   BANK6   BANK7
      Params:         0       0       0       0       0       0       0       0       0
      Locals:         1       0       0       0       0       0       0       0       0
      Temps:          0       0       0       0       0       0       0       0       0
      Totals:         1       0       0       0       0       0       0       0       0
Total ram usage:        1 bytes
 Hardware stack levels used:    1
 Hardware stack levels required when called:    2
 This function calls:
		Nothing
 This function is called by:
		_EUSART_Cadena
 This function uses a non-reentrant model


 *************** function _ADC_Read *****************
 Defined at:
		line 19 in file "ADC_Libreria.c"
 Parameters:    Size  Location     Type
  ch              1    wreg     unsigned char 
 Auto vars:     Size  Location     Type
  ch              1    7[COMRAM] unsigned char 
 Return value:  Size  Location     Type
                  2    4[COMRAM] unsigned short 
 Registers used:
		wreg, status,2, status,0
 Tracked objects:
		On entry : 
		On exit  : 
		Unchanged: 
 Data sizes:     COMRAM   BANK0   BANK1   BANK2   BANK3   BANK4   BANK5   BANK6   BANK7
      Params:         2       0       0       0       0       0       0       0       0
      Locals:         1       0       0       0       0       0       0       0       0
      Temps:          1       0       0       0       0       0       0       0       0
      Totals:         4       0       0       0       0       0       0       0       0
Total ram usage:        4 bytes
 Hardware stack levels used:    1
 Hardware stack levels required when called:    2
 This function calls:
		Nothing
 This function is called by:
		_main
 This function uses a non-reentrant model


 *************** function _ADC_Init *****************
 Defined at:
		line 6 in file "ADC_Libreria.c"
 Parameters:    Size  Location     Type
		None
 Auto vars:     Size  Location     Type
		None
 Return value:  Size  Location     Type
                  1    wreg      void 
 Registers used:
		wreg, status,2
 Tracked objects:
		On entry : 
		On exit  : 
		Unchanged: 
 Data sizes:     COMRAM   BANK0   BANK1   BANK2   BANK3   BANK4   BANK5   BANK6   BANK7
      Params:         0       0       0       0       0       0       0       0       0
      Locals:         0       0       0       0       0       0       0       0       0
      Temps:          0       0       0       0       0       0       0       0       0
      Totals:         0       0       0       0       0       0       0       0       0
Total ram usage:        0 bytes
 Hardware stack levels used:    1
 Hardware stack levels required when called:    2
 This function calls:
		Nothing
 This function is called by:
		_main
 This function uses a non-reentrant model


 *************** function _INT1_ISR *****************
 Defined at:
		line 41 in file "Interrupcion.c"
 Parameters:    Size  Location     Type
		None
 Auto vars:     Size  Location     Type
		None
 Return value:  Size  Location     Type
                  1    wreg      void 
 Registers used:
		None
 Tracked objects:
		On entry : 
		On exit  : 
		Unchanged: 
 Data sizes:     COMRAM   BANK0   BANK1   BANK2   BANK3   BANK4   BANK5   BANK6   BANK7
      Params:         0       0       0       0       0       0       0       0       0
      Locals:         0       0       0       0       0       0       0       0       0
      Temps:          1       0       0       0       0       0       0       0       0
      Totals:         1       0       0       0       0       0       0       0       0
Total ram usage:        1 bytes
 Hardware stack levels used:    1
 Hardware stack levels required when called:    1
 This function calls:
		Nothing
 This function is called by:
		Interrupt level 1
 This function uses a non-reentrant model


 *************** function _RX_ISR *****************
 Defined at:
		line 26 in file "Interrupcion.c"
 Parameters:    Size  Location     Type
		None
 Auto vars:     Size  Location     Type
		None
 Return value:  Size  Location     Type
                  1    wreg      void 
 Registers used:
		wreg, fsr2l, fsr2h, status,2, status,0
 Tracked objects:
		On entry : 
		On exit  : 
		Unchanged: 
 Data sizes:     COMRAM   BANK0   BANK1   BANK2   BANK3   BANK4   BANK5   BANK6   BANK7
      Params:         0       0       0       0       0       0       0       0       0
      Locals:         0       0       0       0       0       0       0       0       0
      Temps:          3       0       0       0       0       0       0       0       0
      Totals:         3       0       0       0       0       0       0       0       0
Total ram usage:        3 bytes
 Hardware stack levels used:    1
 This function calls:
		Nothing
 This function is called by:
		Interrupt level 2
 This function uses a non-reentrant model



MODULE INFORMATION

Module		Function		Class		Link	Load	Size
C:\Program Files\Microchip\xc8\v2.20\pic\sources\c99\common\nf_fputc.c
		_fputc         		CODE           	2FA8	0000	203

C:\Program Files\Microchip\xc8\v2.20\pic\sources\c99\common\nf_fputc.c estimated size: 203

C:\Program Files\Microchip\xc8\v2.20\pic\sources\c99\common\isdigit.c
		_isdigit       		CODE           	380E	0000	57

C:\Program Files\Microchip\xc8\v2.20\pic\sources\c99\common\isdigit.c estimated size: 57

C:\Program Files\Microchip\xc8\v2.20\pic\sources\c99\common\sprcadd.c
		___flsub       		CODE           	36D2	0000	71
		___fladd       		CODE           	190C	0000	1217

C:\Program Files\Microchip\xc8\v2.20\pic\sources\c99\common\sprcadd.c estimated size: 1288

C:\Program Files\Microchip\xc8\v2.20\pic\sources\c99\common\doprnt.c
		_vfpfcnvrt     		CODE           	13E8	0000	1317
		_efgtoa        		CODE           	0836	0000	2995
		_pad           		CODE           	3136	0000	195
		_vfprintf      		CODE           	34BA	0000	99

C:\Program Files\Microchip\xc8\v2.20\pic\sources\c99\common\doprnt.c estimated size: 4606

C:\Program Files\Microchip\xc8\v2.20\pic\sources\c99\common\flneg.c
		___flneg       		CODE           	37D6	0000	57

C:\Program Files\Microchip\xc8\v2.20\pic\sources\c99\common\flneg.c estimated size: 57

Interrupcion.c
		_Int_Init      		CODE           	3994	0000	9
		_RX_ISR        		CODE           	0008	0000	139
		_INT1_ISR      		CODE           	0018	0000	15

Interrupcion.c estimated size: 163

C:\Program Files\Microchip\xc8\v2.20\pic\sources\c99\common\Umul16.c
		___wmul        		CODE           	3914	0000	39

C:\Program Files\Microchip\xc8\v2.20\pic\sources\c99\common\Umul16.c estimated size: 39

Programa_principal.c
		_main          		CODE           	2DEE	0000	229

Programa_principal.c estimated size: 229

ADC_Libreria.c
		_ADC_Read      		CODE           	375C	0000	67
		_ADC_Init      		CODE           	393A	0000	39

ADC_Libreria.c estimated size: 106

C:\Program Files\Microchip\xc8\v2.20\pic\sources\c99\common\flge.c
		___flge        		CODE           	2BEC	0000	261

C:\Program Files\Microchip\xc8\v2.20\pic\sources\c99\common\flge.c estimated size: 261

C:\Program Files\Microchip\xc8\v2.20\pic\sources\c99\common\nf_sprintf.c
		_sprintf       		CODE           	362E	0000	83

C:\Program Files\Microchip\xc8\v2.20\pic\sources\c99\common\nf_sprintf.c estimated size: 83

C:\Program Files\Microchip\xc8\v2.20\pic\sources\c99\common\awmod.c
		___awmod       		CODE           	31F8	0000	177

C:\Program Files\Microchip\xc8\v2.20\pic\sources\c99\common\awmod.c estimated size: 177

EUSART_Libreria.c
		_EUSART_Tx     		CODE           	397E	0000	23
		_EUSART_Init   		CODE           	3960	0000	31
		_EUSART_Cadena 		CODE           	38E4	0000	49

EUSART_Libreria.c estimated size: 103

C:\Program Files\Microchip\xc8\v2.20\pic\sources\c99\common\putch.c
		_putch         		CODE           	399C	0000	3

C:\Program Files\Microchip\xc8\v2.20\pic\sources\c99\common\putch.c estimated size: 3

C:\Program Files\Microchip\xc8\v2.20\pic\sources\c99\common\nf_fputs.c
		_fputs         		CODE           	3718	0000	69

C:\Program Files\Microchip\xc8\v2.20\pic\sources\c99\common\nf_fputs.c estimated size: 69

LCD_Libreria.c
		_LCD_Init      		CODE           	35D8	0000	87
		_LCD_Cadena    		CODE           	387C	0000	55
		_LCD_Comando   		CODE           	33D6	0000	115
		_LCD_Caracter  		CODE           	3448	0000	115

LCD_Libreria.c estimated size: 372

C:\Program Files\Microchip\xc8\v2.20\pic\sources\c99\common\isupper.c
		_isupper       		CODE           	379E	0000	57

C:\Program Files\Microchip\xc8\v2.20\pic\sources\c99\common\isupper.c estimated size: 57

shared
		__initialization		CODE           	38B2	0000	37

shared estimated size: 37

C:\Program Files\Microchip\xc8\v2.20\pic\sources\c99\common\isspace.c
		_isspace       		CODE           	3680	0000	83

C:\Program Files\Microchip\xc8\v2.20\pic\sources\c99\common\isspace.c estimated size: 83

C:\Program Files\Microchip\xc8\v2.20\pic\sources\c99\common\strlen.c
		_strlen        		CODE           	3846	0000	55

C:\Program Files\Microchip\xc8\v2.20\pic\sources\c99\common\strlen.c estimated size: 55

C:\Program Files\Microchip\xc8\v2.20\pic\sources\c99\common\strncmp.c
		_strncmp       		CODE           	2ED2	0000	215

C:\Program Files\Microchip\xc8\v2.20\pic\sources\c99\common\strncmp.c estimated size: 215

C:\Program Files\Microchip\xc8\v2.20\pic\sources\c99\common\tolower.c
		_tolower       		CODE           	351C	0000	97

C:\Program Files\Microchip\xc8\v2.20\pic\sources\c99\common\tolower.c estimated size: 97

C:\Program Files\Microchip\xc8\v2.20\pic\sources\c99\common\floorf.c
		_floorf        		CODE           	2590	0000	531

C:\Program Files\Microchip\xc8\v2.20\pic\sources\c99\common\floorf.c estimated size: 531

C:\Program Files\Microchip\xc8\v2.20\pic\sources\c99\common\sprcmul.c
		___flmul       		CODE           	1DCC	0000	1067

C:\Program Files\Microchip\xc8\v2.20\pic\sources\c99\common\sprcmul.c estimated size: 1067

C:\Program Files\Microchip\xc8\v2.20\pic\sources\c99\common\strcpy.c
		_strcpy        		CODE           	357C	0000	93

C:\Program Files\Microchip\xc8\v2.20\pic\sources\c99\common\strcpy.c estimated size: 93

C:\Program Files\Microchip\xc8\v2.20\pic\sources\c99\common\sprcdiv.c
		___fldiv       		CODE           	21F6	0000	923

C:\Program Files\Microchip\xc8\v2.20\pic\sources\c99\common\sprcdiv.c estimated size: 923

C:\Program Files\Microchip\xc8\v2.20\pic\sources\c99\common\awdiv.c
		___awdiv       		CODE           	3072	0000	197

C:\Program Files\Microchip\xc8\v2.20\pic\sources\c99\common\awdiv.c estimated size: 197

C:\Program Files\Microchip\xc8\v2.20\pic\sources\c99\common\atoi.c
		_atoi          		CODE           	2956	0000	401

C:\Program Files\Microchip\xc8\v2.20\pic\sources\c99\common\atoi.c estimated size: 401

C:\Program Files\Microchip\xc8\v2.20\pic\sources\c99\common\__fpclassifyf.c
		___fpclassifyf 		CODE           	2CF0	0000	255

C:\Program Files\Microchip\xc8\v2.20\pic\sources\c99\common\__fpclassifyf.c estimated size: 255

C:\Program Files\Microchip\xc8\v2.20\pic\sources\c99\common\fltol.c
		___fltol       		CODE           	2AE6	0000	263

C:\Program Files\Microchip\xc8\v2.20\pic\sources\c99\common\fltol.c estimated size: 263

C:\Program Files\Microchip\xc8\v2.20\pic\sources\c99\common\fleq.c
		___fleq        		CODE           	32A8	0000	171

C:\Program Files\Microchip\xc8\v2.20\pic\sources\c99\common\fleq.c estimated size: 171

C:\Program Files\Microchip\xc8\v2.20\pic\sources\c99\common\xxtofl.c
		___xxtofl      		CODE           	27A2	0000	437

C:\Program Files\Microchip\xc8\v2.20\pic\sources\c99\common\xxtofl.c estimated size: 437

