Microchip MPLAB XC8 Compiler V2.20

Linker command line:

-W-3 --edf=C:\Program Files\Microchip\xc8\v2.20\pic\dat\en_msgs.txt -cn \
  -h+dist/default/production\ADC_PWM.X.production.sym \
  --cmf=dist/default/production\ADC_PWM.X.production.cmf -z -Q18F4550 \
  -oC:\Users\Wels\AppData\Local\Temp\s2f0.2 --defsym=__MPLAB_BUILD=1 \
  -Mdist/default/production/ADC_PWM.X.production.map -E1 -ver=XC8 Compiler \
  --acfsm=1493 -ASTACK=060h-07FFh -pstack=STACK -ACODE=00h-07FFFh \
  -ACONST=00h-07FFFh -ASMALLCONST=0800h-08FFhx120 \
  -AMEDIUMCONST=0800h-07FFFh -ACOMRAM=01h-05Fh -AABS1=00h-07FFh \
  -ABIGRAM=01h-07FFh -ARAM=060h-0FFh,0100h-01FFhx7 -ABANK0=060h-0FFh \
  -ABANK1=0100h-01FFh -ABANK2=0200h-02FFh -ABANK3=0300h-03FFh \
  -ABANK4=0400h-04FFh -ABANK5=0500h-05FFh -ABANK6=0600h-06FFh \
  -ABANK7=0700h-07FFh -ASFR=0F60h-0FFFh -ACONFIG=0300000h-030000Dh \
  -AIDLOC=0200000h-0200007h \
  -preset_vec=00h,intcode=08h,intcodelo=018h,powerup,init -pramtop=0800h \
  -psmallconst=SMALLCONST -pmediumconst=MEDIUMCONST -pconst=CONST \
  -AFARRAM=00h-00h -AEEDATA=0F00000h-0F000FFh -peeprom_data=EEDATA \
  -prdata=COMRAM,nvrram=COMRAM,nvbit=COMRAM,rbss=COMRAM,rbit=COMRAM \
  -pfarbss=FARRAM,fardata=FARRAM,nvFARRAM=FARRAM \
  -pintsave_regs=BIGRAM,bigbss=BIGRAM,bigdata=BIGRAM -pbss=RAM \
  -pidata=CODE,irdata=CODE,ibigdata=CODE,ifardata=CODE -prparam=COMRAM \
  C:\Users\Wels\AppData\Local\Temp\s2f0.o \
  dist/default/production\ADC_PWM.X.production.o 

Object code version is 3.11

Machine type is 18F4550



                Name                               Link     Load   Length Selector   Space Scale
C:\Users\Wels\AppData\Local\Temp\s2f0.o
                idloc                            200000   200000        8        0       5
                config                           300000   300000        E        0       4
                init                                 28       28        4        C       0
                reset_vec                             0        0        4        0       0
dist/default/production\ADC_PWM.X.production.o
                intcodelo                            18       18       10        C       0
                intcode                               8        8        6        4       0
                idloc                            200000   200000        8        0       5
                config                           300000   300000        E        0       4
                temp                                 20       20        1        1       1
                intcode_body                        160      160        8        C       0
                text3                               124      124       26        C       0
                text2                                BC       BC       42        C       0
                text1                                FE       FE       26        C       0
                text0                                2C       2C       90        C       0
                cstackCOMRAM                         16       16        8        1       1
                bssCOMRAM                             1        1       15        1       1
                cinit                               14A      14A       16        C       0
                nvCOMRAM                             1E       1E        2        1       1

TOTAL           Name                               Link     Load   Length     Space
        CLASS   STACK          

        CLASS   CODE           
                intcodelo                            18       18       10         0
                intcode                               8        8        6         0
                init                                 28       28        4         0
                reset_vec                             0        0        4         0
                intcode_body                        160      160        8         0
                text3                               124      124       26         0
                text2                                BC       BC       42         0
                text1                                FE       FE       26         0
                text0                                2C       2C       90         0
                cinit                               14A      14A       16         0

        CLASS   CONST          

        CLASS   SMALLCONST     

        CLASS   MEDIUMCONST    

        CLASS   COMRAM         
                temp                                 20       20        1         1
                cstackCOMRAM                         16       16        8         1
                bssCOMRAM                             1        1       15         1
                nvCOMRAM                             1E       1E        2         1

        CLASS   ABS1           

        CLASS   BIGRAM         

        CLASS   RAM            

        CLASS   BANK0          

        CLASS   BANK1          

        CLASS   BANK2          

        CLASS   BANK3          

        CLASS   BANK4          

        CLASS   BANK5          

        CLASS   BANK6          

        CLASS   BANK7          

        CLASS   SFR            

        CLASS   CONFIG         
                config                           300000   300000        E         4

        CLASS   IDLOC          
                idloc                            200000   200000        8         5

        CLASS   FARRAM         

        CLASS   EEDATA         



SEGMENTS        Name                           Load    Length   Top    Selector   Space  Class

                reset_vec                      000000  000004  000004         0       0  CODE    
                bssCOMRAM                      000001  000020  000021         1       1  COMRAM  
                intcode                        000008  000006  00000E         4       0  CODE    
                intcodelo                      000018  000150  000168         C       0  CODE    


UNUSED ADDRESS RANGES

        Name                Unused          Largest block    Delta
        BANK0            000060-0000FF               A0
        BANK1            000100-0001FF              100
        BANK2            000200-0002FF              100
        BANK3            000300-0003FF              100
        BANK4            000400-0004FF              100
        BANK5            000500-0005FF              100
        BANK6            000600-0006FF              100
        BANK7            000700-0007FF              100
        BIGRAM           000021-0007FF              7DF
        CODE             000004-000007                4
                         00000E-000017                A
                         000168-007FFF             7E98
        COMRAM           000021-00005F               3F
        CONST            000004-000007                4
                         00000E-000017                A
                         000168-007FFF             7E98
        EEDATA           F00000-F000FF              100
        MEDIUMCONST      000800-007FFF             7800
        RAM              000060-0007FF              100
        SFR              000F60-000FFF               A0
        SMALLCONST       000800-007FFF              100
        STACK            000060-0007FF              7A0

                                  Symbol Table

?_ADC_Read               cstackCOMRAM 000017
ADC_Read@ch              cstackCOMRAM 00001A
_ADCON0bits              (abs)        000FC2
_ADCON1bits              (abs)        000FC1
_ADCON2bits              (abs)        000FC0
_ADC_Init                text3        000124
_ADC_Read                text2        0000BC
_ADRES                   (abs)        000FC3
_CCP1CONbits             (abs)        000FBD
_CCPR1L                  (abs)        000FBE
_INT0_ISR                intcode      000008
_INT1_ISR                intcodelo    000018
_INTCON3bits             (abs)        000FF0
_INTCONbits              (abs)        000FF2
_LATD                    (abs)        000F8C
_LATDbits                (abs)        000F8C
_PR2                     (abs)        000FCB
_PWM_Init                text1        0000FE
_T2CONbits               (abs)        000FCA
_TRISAbits               (abs)        000F92
_TRISCbits               (abs)        000F94
_TRISD                   (abs)        000F95
__HRAM                   (abs)        000000
__Habs1                  abs1         000000
__Hbank0                 bank0        000000
__Hbank1                 bank1        000000
__Hbank2                 bank2        000000
__Hbank3                 bank3        000000
__Hbank4                 bank4        000000
__Hbank5                 bank5        000000
__Hbank6                 bank6        000000
__Hbank7                 bank7        000000
__Hbigbss                bigbss       000000
__Hbigdata               bigdata      000000
__Hbigram                bigram       000000
__Hbss                   bss          000000
__HbssCOMRAM             bssCOMRAM    000000
__Hcinit                 cinit        000000
__Hclrtext               clrtext      000000
__Hcomram                comram       000000
__Hconfig                config       30000E
__Hconst                 const        000000
__HcstackCOMRAM          cstackCOMRAM 000000
__Hdata                  data         000000
__Heeprom_data           eeprom_data  000000
__Hfarbss                farbss       000000
__Hfardata               fardata      000000
__Hibigdata              ibigdata     000000
__Hidata                 idata        000000
__Hidloc                 idloc        200008
__Hifardata              ifardata     000000
__Hinit                  init         00002C
__Hintcode               intcode      00000E
__Hintcode_body          intcode_body 000000
__Hintcodelo             intcodelo    000028
__Hintentry              intentry     000000
__Hintret                intret       000000
__Hintsave_regs          intsave_regs 000000
__Hirdata                irdata       000000
__Hmediumconst           mediumconst  000000
__HnvCOMRAM              nvCOMRAM     000000
__HnvFARRAM              nvFARRAM     000000
__Hnvbit                 nvbit        000000
__Hnvrram                nvrram       000000
__Hparam                 rparam       000000
__Hpowerup               powerup      000028
__Hram                   ram          000000
__Hramtop                ramtop       000800
__Hrbit                  rbit         000000
__Hrbss                  rbss         000000
__Hrdata                 rdata        000000
__Hreset_vec             reset_vec    000004
__Hrparam                rparam       000000
__Hsfr                   sfr          000000
__Hsmallconst            smallconst   000000
__Hspace_0               (abs)        000800
__Hspace_1               (abs)        000021
__Hspace_2               (abs)        000000
__Hspace_4               (abs)        60000E
__Hstack                 stack        000000
__Hstruct                struct       000000
__Htemp                  temp         000021
__Htext                  text         000000
__Htext0                 text0        000000
__Htext1                 text1        000000
__Htext2                 text2        000000
__Htext3                 text3        000000
__LRAM                   (abs)        000001
__Labs1                  abs1         000000
__Lbank0                 bank0        000000
__Lbank1                 bank1        000000
__Lbank2                 bank2        000000
__Lbank3                 bank3        000000
__Lbank4                 bank4        000000
__Lbank5                 bank5        000000
__Lbank6                 bank6        000000
__Lbank7                 bank7        000000
__Lbigbss                bigbss       000000
__Lbigdata               bigdata      000000
__Lbigram                bigram       000000
__Lbss                   bss          000000
__LbssCOMRAM             bssCOMRAM    000000
__Lcinit                 cinit        000000
__Lclrtext               clrtext      000000
__Lcomram                comram       000000
__Lconfig                config       000000
__Lconst                 const        000000
__LcstackCOMRAM          cstackCOMRAM 000000
__Ldata                  data         000000
__Leeprom_data           eeprom_data  000000
__Lfarbss                farbss       000000
__Lfardata               fardata      000000
__Libigdata              ibigdata     000000
__Lidata                 idata        000000
__Lidloc                 idloc        000000
__Lifardata              ifardata     000000
__Linit                  init         000028
__Lintcode               intcode      000008
__Lintcode_body          intcode_body 000000
__Lintcodelo             intcodelo    000018
__Lintentry              intentry     000000
__Lintret                intret       000000
__Lintsave_regs          intsave_regs 000000
__Lirdata                irdata       000000
__Lmediumconst           mediumconst  000000
__LnvCOMRAM              nvCOMRAM     000000
__LnvFARRAM              nvFARRAM     000000
__Lnvbit                 nvbit        000000
__Lnvrram                nvrram       000000
__Lparam                 rparam       000000
__Lpowerup               powerup      000028
__Lram                   ram          000000
__Lramtop                ramtop       000800
__Lrbit                  rbit         000000
__Lrbss                  rbss         000000
__Lrdata                 rdata        000000
__Lreset_vec             reset_vec    000000
__Lrparam                rparam       000000
__Lsfr                   sfr          000000
__Lsmallconst            smallconst   000000
__Lspace_0               (abs)        000000
__Lspace_1               (abs)        000000
__Lspace_2               (abs)        000000
__Lspace_4               (abs)        000000
__Lstack                 stack        000000
__Lstruct                struct       000000
__Ltemp                  temp         000020
__Ltext                  text         000000
__Ltext0                 text0        000000
__Ltext1                 text1        000000
__Ltext2                 text2        000000
__Ltext3                 text3        000000
__S0                     (abs)        000168
__S1                     (abs)        000021
__S2                     (abs)        000000
__S4                     (abs)        000000
__S5                     (abs)        000000
___inthi_sp              stack        000000
___intlo_sp              stack        000000
___param_bank            (abs)        000000
___rparam_used           (abs)        000001
___sp                    stack        000000
__accesstop              (abs)        000060
__activetblptr           (abs)        000000
__end_of_ADC_Init        text3        00014A
__end_of_ADC_Read        text2        0000FE
__end_of_INT0_ISR        intcode_body 000168
__end_of_INT1_ISR        intcodelo    000028
__end_of_PWM_Init        text1        000124
__end_of__initialization cinit        000156
__end_of_main            text0        0000BC
__initialization         cinit        00014A
__mediumconst            mediumconst  000000
__pbssCOMRAM             bssCOMRAM    000001
__pcinit                 cinit        00014A
__pcstackCOMRAM          cstackCOMRAM 000016
__pintcode               intcode      000008
__pintcode_body          intcode_body 000160
__pintcodelo             intcodelo    000018
__pnvCOMRAM              nvCOMRAM     00001E
__ptext0                 text0        00002C
__ptext1                 text1        0000FE
__ptext2                 text2        0000BC
__ptext3                 text3        000124
__ramtop                 ramtop       000800
__size_of_ADC_Init       (abs)        000000
__size_of_ADC_Read       (abs)        000000
__size_of_INT0_ISR       (abs)        000000
__size_of_INT1_ISR       (abs)        000000
__size_of_PWM_Init       (abs)        000000
__size_of_main           (abs)        000000
__smallconst             smallconst   000000
_datos                   bssCOMRAM    000001
_main                    text0        00002C
_valor_adc               nvCOMRAM     00001E
_vin                     bssCOMRAM    000011
_x                       bssCOMRAM    000015
btemp                    temp         000020
end_of_initialization    cinit        000156
int$flags                temp         000020
int_func                 intcode_body 000160
intlevel0                text         000000
intlevel1                text         000000
intlevel2                text         000000
intlevel3                text         000000
stackhi                  (abs)        0007FF
stacklo                  (abs)        000060
start                    init         000028
start_initialization     cinit        00014A
ttemp5                   temp         000021
ttemp6                   temp         000024
ttemp7                   temp         000028
wtemp8                   temp         000021


FUNCTION INFORMATION:

 *************** function _main *****************
 Defined at:
		line 24 in file "Programa_principal.c"
 Parameters:    Size  Location     Type
		None
 Auto vars:     Size  Location     Type
		None
 Return value:  Size  Location     Type
                  1    wreg      void 
 Registers used:
		wreg, status,2, status,0, cstack
 Tracked objects:
		On entry : 
		On exit  : 
		Unchanged: 
 Data sizes:     COMRAM   BANK0   BANK1   BANK2   BANK3   BANK4   BANK5   BANK6   BANK7
      Params:         0       0       0       0       0       0       0       0       0
      Locals:         0       0       0       0       0       0       0       0       0
      Temps:          3       0       0       0       0       0       0       0       0
      Totals:         3       0       0       0       0       0       0       0       0
Total ram usage:        3 bytes
 Hardware stack levels required when called:    3
 This function calls:
		_ADC_Init
		_ADC_Read
		_PWM_Init
 This function is called by:
		Startup code after reset
 This function uses a non-reentrant model


 *************** function _PWM_Init *****************
 Defined at:
		line 5 in file "PWM.c"
 Parameters:    Size  Location     Type
		None
 Auto vars:     Size  Location     Type
		None
 Return value:  Size  Location     Type
                  1    wreg      void 
 Registers used:
		wreg, status,2
 Tracked objects:
		On entry : 
		On exit  : 
		Unchanged: 
 Data sizes:     COMRAM   BANK0   BANK1   BANK2   BANK3   BANK4   BANK5   BANK6   BANK7
      Params:         0       0       0       0       0       0       0       0       0
      Locals:         0       0       0       0       0       0       0       0       0
      Temps:          0       0       0       0       0       0       0       0       0
      Totals:         0       0       0       0       0       0       0       0       0
Total ram usage:        0 bytes
 Hardware stack levels used:    1
 Hardware stack levels required when called:    2
 This function calls:
		Nothing
 This function is called by:
		_main
 This function uses a non-reentrant model


 *************** function _ADC_Read *****************
 Defined at:
		line 19 in file "ADC_Libreria.c"
 Parameters:    Size  Location     Type
  ch              1    wreg     unsigned char 
 Auto vars:     Size  Location     Type
  ch              1    4[COMRAM] unsigned char 
 Return value:  Size  Location     Type
                  2    1[COMRAM] unsigned short 
 Registers used:
		wreg, status,2, status,0
 Tracked objects:
		On entry : 
		On exit  : 
		Unchanged: 
 Data sizes:     COMRAM   BANK0   BANK1   BANK2   BANK3   BANK4   BANK5   BANK6   BANK7
      Params:         2       0       0       0       0       0       0       0       0
      Locals:         1       0       0       0       0       0       0       0       0
      Temps:          1       0       0       0       0       0       0       0       0
      Totals:         4       0       0       0       0       0       0       0       0
Total ram usage:        4 bytes
 Hardware stack levels used:    1
 Hardware stack levels required when called:    2
 This function calls:
		Nothing
 This function is called by:
		_main
 This function uses a non-reentrant model


 *************** function _ADC_Init *****************
 Defined at:
		line 6 in file "ADC_Libreria.c"
 Parameters:    Size  Location     Type
		None
 Auto vars:     Size  Location     Type
		None
 Return value:  Size  Location     Type
                  1    wreg      void 
 Registers used:
		wreg, status,2
 Tracked objects:
		On entry : 
		On exit  : 
		Unchanged: 
 Data sizes:     COMRAM   BANK0   BANK1   BANK2   BANK3   BANK4   BANK5   BANK6   BANK7
      Params:         0       0       0       0       0       0       0       0       0
      Locals:         0       0       0       0       0       0       0       0       0
      Temps:          0       0       0       0       0       0       0       0       0
      Totals:         0       0       0       0       0       0       0       0       0
Total ram usage:        0 bytes
 Hardware stack levels used:    1
 Hardware stack levels required when called:    2
 This function calls:
		Nothing
 This function is called by:
		_main
 This function uses a non-reentrant model


 *************** function _INT1_ISR *****************
 Defined at:
		line 32 in file "Interrupcion.c"
 Parameters:    Size  Location     Type
		None
 Auto vars:     Size  Location     Type
		None
 Return value:  Size  Location     Type
                  1    wreg      void 
 Registers used:
		None
 Tracked objects:
		On entry : 
		On exit  : 
		Unchanged: 
 Data sizes:     COMRAM   BANK0   BANK1   BANK2   BANK3   BANK4   BANK5   BANK6   BANK7
      Params:         0       0       0       0       0       0       0       0       0
      Locals:         0       0       0       0       0       0       0       0       0
      Temps:          1       0       0       0       0       0       0       0       0
      Totals:         1       0       0       0       0       0       0       0       0
Total ram usage:        1 bytes
 Hardware stack levels used:    1
 Hardware stack levels required when called:    1
 This function calls:
		Nothing
 This function is called by:
		Interrupt level 1
 This function uses a non-reentrant model


 *************** function _INT0_ISR *****************
 Defined at:
		line 24 in file "Interrupcion.c"
 Parameters:    Size  Location     Type
		None
 Auto vars:     Size  Location     Type
		None
 Return value:  Size  Location     Type
                  1    wreg      void 
 Registers used:
		None
 Tracked objects:
		On entry : 
		On exit  : 
		Unchanged: 
 Data sizes:     COMRAM   BANK0   BANK1   BANK2   BANK3   BANK4   BANK5   BANK6   BANK7
      Params:         0       0       0       0       0       0       0       0       0
      Locals:         0       0       0       0       0       0       0       0       0
      Temps:          0       0       0       0       0       0       0       0       0
      Totals:         0       0       0       0       0       0       0       0       0
Total ram usage:        0 bytes
 Hardware stack levels used:    1
 This function calls:
		Nothing
 This function is called by:
		Interrupt level 2
 This function uses a non-reentrant model



MODULE INFORMATION

Module		Function		Class		Link	Load	Size
Interrupcion.c
		_INT0_ISR      		CODE           	0008	0000	15
		_INT1_ISR      		CODE           	0018	0000	17

Interrupcion.c estimated size: 32

Programa_principal.c
		_main          		CODE           	002C	0000	145

Programa_principal.c estimated size: 145

ADC_Libreria.c
		_ADC_Read      		CODE           	00BC	0000	67
		_ADC_Init      		CODE           	0124	0000	39

ADC_Libreria.c estimated size: 106

PWM.c
		_PWM_Init      		CODE           	00FE	0000	39

PWM.c estimated size: 39

shared
		__initialization		CODE           	014A	0000	13

shared estimated size: 13

